<html>
<body>
<pre>
<h1>µVision Build Log</h1>
<h2>Tool Versions:</h2>
IDE-Version: ¦ÌVision V5.29.0.0
Copyright (C) 2019 ARM Ltd and ARM Germany GmbH. All rights reserved.
License Information: 1 1, 1, LIC=50D7S-LQPWD-WKRB8-3V60X-AANNI-72D5G
 
Tool Versions:
Toolchain:       MDK-ARM Professional  Version: 5.29.0.0
Toolchain Path:  D:\Keil_v5\ARM\ARMCC\Bin
C Compiler:      Armcc.exe V5.06 update 6 (build 750)
Assembler:       Armasm.exe V5.06 update 6 (build 750)
Linker/Locator:  ArmLink.exe V5.06 update 6 (build 750)
Library Manager: ArmAr.exe V5.06 update 6 (build 750)
Hex Converter:   FromElf.exe V5.06 update 6 (build 750)
CPU DLL:         SARMCM3.DLL V5.29.0.0
Dialog DLL:      DARMSTM.DLL V1.68.0.0
Target DLL:      Segger\JL2CM3.dll V2.99.36.0
Dialog DLL:      TARMSTM.DLL V1.66.0.0
 
<h2>Project:</h2>
C:\Users\Lenovo\Desktop\mod8\STM32_CryptoAuthLib_Demo_V1.7\MDK-ARM\STM32CryptoAuth.uvprojx
Project File Date:  03/26/2025

<h2>Output:</h2>
*** Using Compiler 'V5.06 update 6 (build 750)', folder: 'D:\Keil_v5\ARM\ARMCC\Bin'
Build target 'io-debug'
assembling startup_stm32f103xb.s...
compiling stm32f1xx_it.c...
compiling system_stm32f1xx.c...
compiling stm32f1xx_hal.c...
compiling stm32f1xx_hal_rcc.c...
compiling stm32f1xx_hal_cortex.c...
compiling stm32f1xx_hal_crc.c...
compiling stm32f1xx_hal_i2c.c...
compiling main.c...
compiling stm32f1xx_hal_gpio.c...
compiling stm32f1xx_hal_flash_ex.c...
compiling stm32f1xx_hal_exti.c...
compiling stm32f1xx_hal_flash.c...
compiling stm32f1xx_hal_gpio_ex.c...
compiling stm32f1xx_hal_iwdg.c...
compiling stm32f1xx_hal_irda.c...
compiling stm32f1xx_hal_pwr.c...
compiling stm32f1xx_hal_sram.c...
compiling stm32f1xx_hal_rtc.c...
compiling stm32f1xx_hal_tim_ex.c...
compiling stm32f1xx_hal_rtc_ex.c...
compiling stm32f1xx_hal_tim.c...
compiling stm32f1xx_hal_uart.c...
compiling stm32f1xx_hal_rcc_ex.c...
compiling stm32f1xx_hal_usart.c...
compiling stm32f1xx_hal_wwdg.c...
compiling stm32f1xx_ll_gpio.c...
compiling mse_debug.c...
compiling stm32f1xx_ll_utils.c...
compiling mse_basic.c...
compiling stm32f1xx_ll_usart.c...
compiling mse_device.c...
compiling mse_helpers.c...
compiling calib_checkmac.c...
compiling mse_iface.c...
compiling calib_basic.c...
compiling calib_aes.c...
compiling calib_aes_gcm.c...
compiling mse_utils_sizes.c...
compiling calib_counter.c...
compiling calib_derivekey.c...
compiling calib_genkey.c...
compiling calib_command.c...
compiling calib_execution.c...
compiling calib_gendig.c...
compiling calib_ecdh.c...
compiling calib_hmac.c...
compiling calib_helpers.c...
compiling calib_info.c...
compiling calib_lock.c...
compiling calib_nonce.c...
compiling calib_mac.c...
compiling calib_kdf.c...
compiling calib_random.c...
compiling calib_secureboot.c...
compiling calib_selftest.c...
compiling calib_privwrite.c...
compiling calib_read.c...
compiling calib_sha.c...
compiling calib_sign.c...
compiling sha2_routines.c...
compiling calib_updateextra.c...
compiling calib_verify.c...
compiling calib_write.c...
compiling mse_crypto_sw_sha2.c...
compiling mse_hal.c...
compiling mse_host.c...
compiling usart.c...
compiling hal_i2c_bitbang.c...
compiling ecc_i2c.c...
compiling i2c_bitbang_stm32.c...
compiling stm32f1xx_ll_rcc.c...
linking...
Program Size: Code=8770 RO-data=402 RW-data=156 ZI-data=1364  
FromELF: creating hex file...
".\Objects\MOD8_STM32.axf" - 0 Error(s), 0 Warning(s).

<h2>Software Packages used:</h2>

Package Vendor: Keil
                http://www.keil.com/pack/Keil.STM32F1xx_DFP.1.0.5.pack
                Keil.STM32F1xx_DFP.1.0.5
                STMicroelectronics STM32F1 Series Device Support, Drivers and Examples

<h2>Collection of Component include folders:</h2>
  .\RTE\_io-debug
  D:\Keil_v5\Packs\Keil\STM32F1xx_DFP\1.0.5\Device\Include

<h2>Collection of Component Files used:</h2>
Build Time Elapsed:  00:00:44
</pre>
</body>
</html>
