Component: ARM Compiler 5.06 update 6 (build 750) Tool: armlink [4d35ed]

==============================================================================

Section Cross References

    main.o(i.IsBigEndian) refers to printf8.o(i.__0printf$8) for __2printf
    main.o(i.MX_GPIO_Init) refers to memseta.o(.text) for __aeabi_memclr4
    main.o(i.MX_GPIO_Init) refers to main.o(i.LL_APB2_GRP1_EnableClock) for LL_APB2_GRP1_EnableClock
    main.o(i.MX_GPIO_Init) refers to stm32f1xx_ll_gpio.o(i.LL_GPIO_Init) for LL_GPIO_Init
    main.o(i.SystemClock_Config) refers to stm32f1xx_ll_utils.o(i.LL_SetSystemCoreClock) for LL_SetSystemCoreClock
    main.o(i.SystemClock_Config) refers to stm32f1xx_hal.o(i.HAL_InitTick) for HAL_InitTick
    main.o(i.SystemClock_Config) refers to main.o(i.Error_Handler) for Error_Handler
    main.o(i.app_hmac) refers to memmovea.o(.text) for __aeabi_memcpy4
    main.o(i.app_hmac) refers to calib_helpers.o(i.calib_is_locked) for calib_is_locked
    main.o(i.app_hmac) refers to printf8.o(i.__0printf$8) for __2printf
    main.o(i.app_hmac) refers to memseta.o(.text) for __aeabi_memclr4
    main.o(i.app_hmac) refers to calib_sha.o(i.calib_sha_hmac) for calib_sha_hmac
    main.o(i.app_hmac) refers to mse_crypto_sw_sha2.o(i.mcac_sw_sha256_hmac) for mcac_sw_sha256_hmac
    main.o(i.app_hmac) refers to memcmp.o(.text) for memcmp
    main.o(i.app_hmac) refers to calib_random.o(i.calib_random) for calib_random
    main.o(i.app_hmac) refers to calib_sha.o(i.calib_sha) for calib_sha
    main.o(i.app_hmac) refers to mse_basic.o(.data) for _gDevice
    main.o(i.app_hmac) refers to main.o(.constdata) for io_protection_key
    main.o(i.app_load_configuration) refers to memmovea.o(.text) for __aeabi_memcpy4
    main.o(i.app_load_configuration) refers to memseta.o(.text) for __aeabi_memclr4
    main.o(i.app_load_configuration) refers to calib_helpers.o(i.calib_is_locked) for calib_is_locked
    main.o(i.app_load_configuration) refers to printf8.o(i.__0printf$8) for __2printf
    main.o(i.app_load_configuration) refers to calib_write.o(i.calib_write_bytes_zone) for calib_write_bytes_zone
    main.o(i.app_load_configuration) refers to calib_lock.o(i.calib_lock) for calib_lock
    main.o(i.app_load_configuration) refers to calib_read.o(i.calib_read_config_zone) for calib_read_config_zone
    main.o(i.app_load_configuration) refers to main.o(.constdata) for .constdata
    main.o(i.app_load_configuration) refers to mse_basic.o(.data) for _gDevice
    main.o(i.app_secureboot) refers to memmovea.o(.text) for __aeabi_memcpy4
    main.o(i.app_secureboot) refers to calib_helpers.o(i.calib_is_locked) for calib_is_locked
    main.o(i.app_secureboot) refers to printf8.o(i.__0printf$8) for __2printf
    main.o(i.app_secureboot) refers to calib_read.o(i.calib_read_bytes_zone) for calib_read_bytes_zone
    main.o(i.app_secureboot) refers to calib_random.o(i.calib_random) for calib_random
    main.o(i.app_secureboot) refers to calib_secureboot.o(i.calib_secureboot_mac) for calib_secureboot_mac
    main.o(i.app_secureboot) refers to mse_basic.o(.data) for _gDevice
    main.o(i.app_secureboot) refers to main.o(.constdata) for io_protection_key
    main.o(i.app_sign_verify) refers to calib_helpers.o(i.calib_is_locked) for calib_is_locked
    main.o(i.app_sign_verify) refers to printf8.o(i.__0printf$8) for __2printf
    main.o(i.app_sign_verify) refers to calib_genkey.o(i.calib_genkey) for calib_genkey
    main.o(i.app_sign_verify) refers to calib_write.o(i.calib_write_pubkey) for calib_write_pubkey
    main.o(i.app_sign_verify) refers to calib_random.o(i.calib_random) for calib_random
    main.o(i.app_sign_verify) refers to calib_sign.o(i.calib_sign) for calib_sign
    main.o(i.app_sign_verify) refers to calib_verify.o(i.calib_verify_stored) for calib_verify_stored
    main.o(i.app_sign_verify) refers to mse_basic.o(.data) for _gDevice
    main.o(i.app_write_key) refers to calib_read.o(i.calib_read_bytes_zone) for calib_read_bytes_zone
    main.o(i.app_write_key) refers to printf8.o(i.__0printf$8) for __2printf
    main.o(i.app_write_key) refers to calib_helpers.o(i.calib_is_slot_locked) for calib_is_slot_locked
    main.o(i.app_write_key) refers to calib_helpers.o(i.calib_is_locked) for calib_is_locked
    main.o(i.app_write_key) refers to calib_write.o(i.calib_write_zone) for calib_write_zone
    main.o(i.app_write_key) refers to calib_write.o(i.calib_write_pubkey) for calib_write_pubkey
    main.o(i.app_write_key) refers to calib_lock.o(i.calib_lock) for calib_lock
    main.o(i.app_write_key) refers to mse_basic.o(.data) for _gDevice
    main.o(i.app_write_key) refers to main.o(.constdata) for io_protection_key
    main.o(i.main) refers to stm32f1xx_hal.o(i.HAL_Init) for HAL_Init
    main.o(i.main) refers to main.o(i.SystemClock_Config) for SystemClock_Config
    main.o(i.main) refers to main.o(i.MX_GPIO_Init) for MX_GPIO_Init
    main.o(i.main) refers to usart.o(i.MX_USART1_UART_Init) for MX_USART1_UART_Init
[...]
    Removing calib_info.o(i.calib_info_get_latch), (60 bytes).
    Removing calib_info.o(i.calib_info_privkey_valid), (22 bytes).
    Removing calib_info.o(i.calib_info_set_latch), (24 bytes).
    Removing calib_kdf.o(.rev16_text), (4 bytes).
    Removing calib_kdf.o(.revsh_text), (4 bytes).
    Removing calib_kdf.o(.rrx_text), (6 bytes).
    Removing calib_kdf.o(i.calib_kdf), (254 bytes).
    Removing calib_lock.o(.rev16_text), (4 bytes).
    Removing calib_lock.o(.revsh_text), (4 bytes).
    Removing calib_lock.o(.rrx_text), (6 bytes).
    Removing calib_lock.o(i.calib_lock), (100 bytes).
    Removing calib_lock.o(i.calib_lock_config_zone), (16 bytes).
    Removing calib_lock.o(i.calib_lock_config_zone_crc), (18 bytes).
    Removing calib_lock.o(i.calib_lock_data_slot), (24 bytes).
    Removing calib_lock.o(i.calib_lock_data_zone), (16 bytes).
    Removing calib_lock.o(i.calib_lock_data_zone_crc), (18 bytes).
    Removing calib_mac.o(.rev16_text), (4 bytes).
    Removing calib_mac.o(.revsh_text), (4 bytes).
    Removing calib_mac.o(.rrx_text), (6 bytes).
    Removing calib_mac.o(i.calib_mac), (152 bytes).
    Removing calib_nonce.o(.rev16_text), (4 bytes).
    Removing calib_nonce.o(.revsh_text), (4 bytes).
    Removing calib_nonce.o(.rrx_text), (6 bytes).
    Removing calib_nonce.o(i.calib_challenge), (24 bytes).
    Removing calib_nonce.o(i.calib_challenge_seed_update), (24 bytes).
    Removing calib_nonce.o(i.calib_nonce), (24 bytes).
    Removing calib_nonce.o(i.calib_nonce_base), (204 bytes).
    Removing calib_nonce.o(i.calib_nonce_load), (64 bytes).
    Removing calib_nonce.o(i.calib_nonce_rand), (24 bytes).
    Removing calib_privwrite.o(.rev16_text), (4 bytes).
    Removing calib_privwrite.o(.revsh_text), (4 bytes).
    Removing calib_privwrite.o(.rrx_text), (6 bytes).
    Removing calib_privwrite.o(i.calib_priv_write), (506 bytes).
    Removing calib_random.o(.rev16_text), (4 bytes).
    Removing calib_random.o(.revsh_text), (4 bytes).
    Removing calib_random.o(.rrx_text), (6 bytes).
    Removing calib_random.o(i.calib_random), (122 bytes).
    Removing calib_read.o(.rev16_text), (4 bytes).
    Removing calib_read.o(.revsh_text), (4 bytes).
    Removing calib_read.o(.rrx_text), (6 bytes).
    Removing calib_read.o(i.calib_cmp_config_zone), (162 bytes).
    Removing calib_read.o(i.calib_read_config_zone), (92 bytes).
    Removing calib_read.o(i.calib_read_enc), (366 bytes).
    Removing calib_read.o(i.calib_read_pubkey), (278 bytes).
    Removing calib_read.o(i.calib_read_serial_number), (80 bytes).
    Removing calib_read.o(i.calib_read_sig), (122 bytes).
    Removing calib_secureboot.o(.rev16_text), (4 bytes).
    Removing calib_secureboot.o(.revsh_text), (4 bytes).
    Removing calib_secureboot.o(.rrx_text), (6 bytes).
    Removing calib_secureboot.o(i.calib_secureboot), (162 bytes).
    Removing calib_secureboot.o(i.calib_secureboot_mac), (376 bytes).
    Removing calib_selftest.o(.rev16_text), (4 bytes).
    Removing calib_selftest.o(.revsh_text), (4 bytes).
    Removing calib_selftest.o(.rrx_text), (6 bytes).
    Removing calib_selftest.o(i.calib_selftest), (124 bytes).
    Removing calib_sha.o(.rev16_text), (4 bytes).
    Removing calib_sha.o(.revsh_text), (4 bytes).
    Removing calib_sha.o(.rrx_text), (6 bytes).
    Removing calib_sha.o(i.calib_hw_sha2_256), (98 bytes).
    Removing calib_sha.o(i.calib_hw_sha2_256_finish), (268 bytes).
    Removing calib_sha.o(i.calib_hw_sha2_256_init), (22 bytes).
    Removing calib_sha.o(i.calib_hw_sha2_256_update), (174 bytes).
    Removing calib_sha.o(i.calib_sha), (28 bytes).
    Removing calib_sha.o(i.calib_sha_base), (226 bytes).
    Removing calib_sha.o(i.calib_sha_end), (34 bytes).
    Removing calib_sha.o(i.calib_sha_hmac), (106 bytes).
    Removing calib_sha.o(i.calib_sha_hmac_finish), (84 bytes).
    Removing calib_sha.o(i.calib_sha_hmac_init), (54 bytes).
    Removing calib_sha.o(i.calib_sha_hmac_update), (194 bytes).
    Removing calib_sha.o(i.calib_sha_read_context), (26 bytes).
    Removing calib_sha.o(i.calib_sha_start), (24 bytes).
    Removing calib_sha.o(i.calib_sha_update), (26 bytes).
    Removing calib_sha.o(i.calib_sha_write_context), (28 bytes).
    Removing calib_sign.o(.rev16_text), (4 bytes).
    Removing calib_sign.o(.revsh_text), (4 bytes).
    Removing calib_sign.o(.rrx_text), (6 bytes).
    Removing calib_sign.o(i.calib_sign), (128 bytes).
    Removing calib_sign.o(i.calib_sign_base), (130 bytes).
    Removing calib_sign.o(i.calib_sign_internal), (72 bytes).
    Removing calib_updateextra.o(.rev16_text), (4 bytes).
    Removing calib_updateextra.o(.revsh_text), (4 bytes).
    Removing calib_updateextra.o(.rrx_text), (6 bytes).
    Removing calib_updateextra.o(i.calib_updateextra), (102 bytes).
    Removing calib_verify.o(.rev16_text), (4 bytes).
    Removing calib_verify.o(.revsh_text), (4 bytes).
    Removing calib_verify.o(.rrx_text), (6 bytes).
    Removing calib_verify.o(i.calib_verify), (220 bytes).
    Removing calib_verify.o(i.calib_verify_extern), (160 bytes).
    Removing calib_verify.o(i.calib_verify_extern_mac), (44 bytes).
    Removing calib_verify.o(i.calib_verify_extern_stored_mac), (246 bytes).
    Removing calib_verify.o(i.calib_verify_invalidate), (84 bytes).
    Removing calib_verify.o(i.calib_verify_stored), (146 bytes).
    Removing calib_verify.o(i.calib_verify_stored_mac), (52 bytes).
    Removing calib_verify.o(i.calib_verify_validate), (84 bytes).
    Removing calib_write.o(.rev16_text), (4 bytes).
    Removing calib_write.o(.revsh_text), (4 bytes).
    Removing calib_write.o(.rrx_text), (6 bytes).
    Removing calib_write.o(i.bitcount), (18 bytes).
    Removing calib_write.o(i.calib_write), (162 bytes).
    Removing calib_write.o(i.calib_write_bytes_zone), (314 bytes).
    Removing calib_write.o(i.calib_write_config_counter), (226 bytes).
    Removing calib_write.o(i.calib_write_config_zone), (140 bytes).
    Removing calib_write.o(i.calib_write_enc), (414 bytes).
    Removing calib_write.o(i.calib_write_pubkey), (120 bytes).
    Removing calib_write.o(i.calib_write_zone), (122 bytes).
    Removing mse_crypto_sw_sha2.o(.rev16_text), (4 bytes).
    Removing mse_crypto_sw_sha2.o(.revsh_text), (4 bytes).
    Removing mse_crypto_sw_sha2.o(.rrx_text), (6 bytes).
    Removing mse_crypto_sw_sha2.o(i.mcac_sha256_hmac_finish), (72 bytes).
    Removing mse_crypto_sw_sha2.o(i.mcac_sha256_hmac_init), (178 bytes).
    Removing mse_crypto_sw_sha2.o(i.mcac_sha256_hmac_update), (22 bytes).
    Removing mse_crypto_sw_sha2.o(i.mcac_sw_sha256_hmac), (82 bytes).
    Removing mse_crypto_sw_sha2.o(i.mcac_sw_sha2_256), (64 bytes).
    Removing mse_crypto_sw_sha2.o(i.mcac_sw_sha2_256_finish), (18 bytes).
    Removing mse_crypto_sw_sha2.o(i.mcac_sw_sha2_256_init), (14 bytes).
    Removing mse_crypto_sw_sha2.o(i.mcac_sw_sha2_256_update), (22 bytes).
    Removing sha2_routines.o(i.sw_sha256), (38 bytes).
    Removing sha2_routines.o(i.sw_sha256_final), (198 bytes).
    Removing sha2_routines.o(i.sw_sha256_init), (44 bytes).
    Removing sha2_routines.o(i.sw_sha256_process), (536 bytes).
    Removing sha2_routines.o(i.sw_sha256_update), (128 bytes).
    Removing sha2_routines.o(.constdata), (288 bytes).
    Removing mse_hal.o(.rev16_text), (4 bytes).
    Removing mse_hal.o(.revsh_text), (4 bytes).
    Removing mse_hal.o(.rrx_text), (6 bytes).
    Removing mse_hal.o(i.hal_iface_register_hal), (58 bytes).
    Removing mse_hal.o(i.hal_iface_set_registered), (144 bytes).
    Removing mse_hal.o(i.hal_is_command_word), (22 bytes).
    Removing mse_host.o(.rev16_text), (4 bytes).
    Removing mse_host.o(.revsh_text), (4 bytes).
    Removing mse_host.o(.rrx_text), (6 bytes).
    Removing mse_host.o(i.mseh_check_mac), (402 bytes).
    Removing mse_host.o(i.mseh_config_to_sign_internal), (170 bytes).
    Removing mse_host.o(i.mseh_decrypt), (120 bytes).
    Removing mse_host.o(i.mseh_derive_key), (216 bytes).
    Removing mse_host.o(i.mseh_derive_key_mac), (112 bytes).
    Removing mse_host.o(i.mseh_encode_counter_match), (42 bytes).
    Removing mse_host.o(i.mseh_gen_dig), (504 bytes).
    Removing mse_host.o(i.mseh_gen_key_msg), (216 bytes).
    Removing mse_host.o(i.mseh_gen_mac), (240 bytes).
    Removing mse_host.o(i.mseh_gen_session_key), (122 bytes).
    Removing mse_host.o(i.mseh_hmac), (320 bytes).
    Removing mse_host.o(i.mseh_include_data), (188 bytes).
    Removing mse_host.o(i.mseh_io_decrypt), (128 bytes).
    Removing mse_host.o(i.mseh_mac), (298 bytes).
    Removing mse_host.o(i.mseh_nonce), (400 bytes).
    Removing mse_host.o(i.mseh_privwrite_auth_mac), (234 bytes).
    Removing mse_host.o(i.mseh_secureboot_enc), (94 bytes).
    Removing mse_host.o(i.mseh_secureboot_mac), (136 bytes).
    Removing mse_host.o(i.mseh_sha256), (22 bytes).
    Removing mse_host.o(i.mseh_sign_internal_msg), (402 bytes).
    Removing mse_host.o(i.mseh_verify_mac), (306 bytes).
    Removing mse_host.o(i.mseh_write_auth_mac), (190 bytes).
    Removing usart.o(.rev16_text), (4 bytes).
    Removing usart.o(.revsh_text), (4 bytes).
    Removing usart.o(.rrx_text), (6 bytes).
    Removing usart.o(i.fgetc), (32 bytes).
    Removing usart.o(.constdata), (7 bytes).
    Removing hal_i2c_bitbang.o(.rev16_text), (4 bytes).
    Removing hal_i2c_bitbang.o(.revsh_text), (4 bytes).
    Removing hal_i2c_bitbang.o(.rrx_text), (6 bytes).
    Removing i2c_bitbang_stm32.o(.rev16_text), (4 bytes).
    Removing i2c_bitbang_stm32.o(.revsh_text), (4 bytes).
    Removing i2c_bitbang_stm32.o(.rrx_text), (6 bytes).
    Removing ecc_i2c.o(.rev16_text), (4 bytes).
    Removing ecc_i2c.o(.revsh_text), (4 bytes).
    Removing ecc_i2c.o(.rrx_text), (6 bytes).
    Removing dadd.o(.text), (334 bytes).
    Removing dmul.o(.text), (228 bytes).
    Removing ddiv.o(.text), (222 bytes).
    Removing dfixul.o(.text), (48 bytes).
    Removing cdrcmple.o(.text), (48 bytes).
    Removing depilogue.o(.text), (186 bytes).

699 unused section(s) (total 56534 bytes) removed from the image.

==============================================================================

Image Symbol Table

    Local Symbols

    Symbol Name                              Value     Ov Type        Size  Object(Section)

    ../clib/microlib/ctype/tolower.c         0x00000000   Number         0  tolower.o ABSOLUTE
    ../clib/microlib/ctype/toupper.c         0x00000000   Number         0  toupper.o ABSOLUTE
    ../clib/microlib/division.c              0x00000000   Number         0  uldiv.o ABSOLUTE
    ../clib/microlib/division.c              0x00000000   Number         0  uidiv.o ABSOLUTE
    ../clib/microlib/init/entry.s            0x00000000   Number         0  entry11b.o ABSOLUTE
    ../clib/microlib/init/entry.s            0x00000000   Number         0  entry.o ABSOLUTE
    ../clib/microlib/init/entry.s            0x00000000   Number         0  entry7a.o ABSOLUTE
    ../clib/microlib/init/entry.s            0x00000000   Number         0  entry7b.o ABSOLUTE
    ../clib/microlib/init/entry.s            0x00000000   Number         0  entry8a.o ABSOLUTE
    ../clib/microlib/init/entry.s            0x00000000   Number         0  entry11a.o ABSOLUTE
    ../clib/microlib/init/entry.s            0x00000000   Number         0  entry2.o ABSOLUTE
    ../clib/microlib/init/entry.s            0x00000000   Number         0  entry9a.o ABSOLUTE
    ../clib/microlib/init/entry.s            0x00000000   Number         0  entry9b.o ABSOLUTE
    ../clib/microlib/init/entry.s            0x00000000   Number         0  entry10a.o ABSOLUTE
    ../clib/microlib/init/entry.s            0x00000000   Number         0  entry10b.o ABSOLUTE
    ../clib/microlib/init/entry.s            0x00000000   Number         0  entry8b.o ABSOLUTE
    ../clib/microlib/init/entry.s            0x00000000   Number         0  entry5.o ABSOLUTE
    ../clib/microlib/longlong.c              0x00000000   Number         0  llushr.o ABSOLUTE
    ../clib/microlib/longlong.c              0x00000000   Number         0  llsshr.o ABSOLUTE
    ../clib/microlib/longlong.c              0x00000000   Number         0  llshl.o ABSOLUTE
    ../clib/microlib/printf/printf.c         0x00000000   Number         0  printfa.o ABSOLUTE
    ../clib/microlib/printf/printf.c         0x00000000   Number         0  printfb.o ABSOLUTE
    ../clib/microlib/printf/printf.c         0x00000000   Number         0  printf3.o ABSOLUTE
    ../clib/microlib/printf/printf.c         0x00000000   Number         0  printf2.o ABSOLUTE
    ../clib/microlib/printf/printf.c         0x00000000   Number         0  printf1.o ABSOLUTE
    ../clib/microlib/printf/printf.c         0x00000000   Number         0  printf5.o ABSOLUTE
    ../clib/microlib/printf/printf.c         0x00000000   Number         0  printf0.o ABSOLUTE
    ../clib/microlib/printf/printf.c         0x00000000   Number         0  printf8.o ABSOLUTE
    ../clib/microlib/printf/printf.c         0x00000000   Number         0  printf7.o ABSOLUTE
    ../clib/microlib/printf/printf.c         0x00000000   Number         0  printf6.o ABSOLUTE
    ../clib/microlib/printf/printf.c         0x00000000   Number         0  printf4.o ABSOLUTE
    ../clib/microlib/printf/stubs.s          0x00000000   Number         0  stubs.o ABSOLUTE
    ../clib/microlib/stdio/streams.c         0x00000000   Number         0  stderr.o ABSOLUTE
    ../clib/microlib/stdio/streams.c         0x00000000   Number         0  stdout.o ABSOLUTE
    ../clib/microlib/string/memcmp.c         0x00000000   Number         0  memcmp.o ABSOLUTE
    ../clib/microlib/string/memcpy.c         0x00000000   Number         0  memmoveb.o ABSOLUTE
    ../clib/microlib/string/memcpy.c         0x00000000   Number         0  memcpyb.o ABSOLUTE
    ../clib/microlib/string/memcpy.c         0x00000000   Number         0  memmovea.o ABSOLUTE
    ../clib/microlib/string/memcpy.c         0x00000000   Number         0  memcpya.o ABSOLUTE
    ../clib/microlib/string/memset.c         0x00000000   Number         0  memseta.o ABSOLUTE
    ../clib/microlib/string/strcpy.c         0x00000000   Number         0  strcpy.o ABSOLUTE
    ../clib/microlib/stubs.s                 0x00000000   Number         0  iusefp.o ABSOLUTE
    ../fplib/microlib/fpadd.c                0x00000000   Number         0  dadd.o ABSOLUTE
    ../fplib/microlib/fpdiv.c                0x00000000   Number         0  ddiv.o ABSOLUTE
    ../fplib/microlib/fpepilogue.c           0x00000000   Number         0  depilogue.o ABSOLUTE
    ../fplib/microlib/fpfix.c                0x00000000   Number         0  dfixul.o ABSOLUTE
    ../fplib/microlib/fpmul.c                0x00000000   Number         0  dmul.o ABSOLUTE
    ..\Core\main.c                           0x00000000   Number         0  main.o ABSOLUTE
    ..\Core\stm32f1xx_it.c                   0x00000000   Number         0  stm32f1xx_it.o ABSOLUTE
    ..\CryptoAuthLib\calib\calib_aes.c       0x00000000   Number         0  calib_aes.o ABSOLUTE
    ..\CryptoAuthLib\calib\calib_aes_gcm.c   0x00000000   Number         0  calib_aes_gcm.o ABSOLUTE
    ..\CryptoAuthLib\calib\calib_basic.c     0x00000000   Number         0  calib_basic.o ABSOLUTE
    ..\CryptoAuthLib\calib\calib_checkmac.c  0x00000000   Number         0  calib_checkmac.o ABSOLUTE
    ..\CryptoAuthLib\calib\calib_command.c   0x00000000   Number         0  calib_command.o ABSOLUTE
    ..\CryptoAuthLib\calib\calib_counter.c   0x00000000   Number         0  calib_counter.o ABSOLUTE
    ..\CryptoAuthLib\calib\calib_derivekey.c 0x00000000   Number         0  calib_derivekey.o ABSOLUTE
    ..\CryptoAuthLib\calib\calib_ecdh.c      0x00000000   Number         0  calib_ecdh.o ABSOLUTE
    ..\CryptoAuthLib\calib\calib_execution.c 0x00000000   Number         0  calib_execution.o ABSOLUTE
    ..\CryptoAuthLib\calib\calib_gendig.c    0x00000000   Number         0  calib_gendig.o ABSOLUTE
    ..\CryptoAuthLib\calib\calib_genkey.c    0x00000000   Number         0  calib_genkey.o ABSOLUTE
    ..\CryptoAuthLib\calib\calib_helpers.c   0x00000000   Number         0  calib_helpers.o ABSOLUTE
    ..\CryptoAuthLib\calib\calib_hmac.c      0x00000000   Number         0  calib_hmac.o ABSOLUTE
    ..\CryptoAuthLib\calib\calib_info.c      0x00000000   Number         0  calib_info.o ABSOLUTE
    ..\CryptoAuthLib\calib\calib_kdf.c       0x00000000   Number         0  calib_kdf.o ABSOLUTE
    ..\CryptoAuthLib\calib\calib_lock.c      0x00000000   Number         0  calib_lock.o ABSOLUTE
    ..\CryptoAuthLib\calib\calib_mac.c       0x00000000   Number         0  calib_mac.o ABSOLUTE
    ..\CryptoAuthLib\calib\calib_nonce.c     0x00000000   Number         0  calib_nonce.o ABSOLUTE
    ..\CryptoAuthLib\calib\calib_privwrite.c 0x00000000   Number         0  calib_privwrite.o ABSOLUTE
    ..\CryptoAuthLib\calib\calib_random.c    0x00000000   Number         0  calib_random.o ABSOLUTE
    ..\CryptoAuthLib\calib\calib_read.c      0x00000000   Number         0  calib_read.o ABSOLUTE
    ..\CryptoAuthLib\calib\calib_secureboot.c 0x00000000   Number         0  calib_secureboot.o ABSOLUTE
    ..\CryptoAuthLib\calib\calib_selftest.c  0x00000000   Number         0  calib_selftest.o ABSOLUTE
    ..\CryptoAuthLib\calib\calib_sha.c       0x00000000   Number         0  calib_sha.o ABSOLUTE
    ..\CryptoAuthLib\calib\calib_sign.c      0x00000000   Number         0  calib_sign.o ABSOLUTE
    ..\CryptoAuthLib\calib\calib_updateextra.c 0x00000000   Number         0  calib_updateextra.o ABSOLUTE
    ..\CryptoAuthLib\calib\calib_verify.c    0x00000000   Number         0  calib_verify.o ABSOLUTE
    ..\CryptoAuthLib\calib\calib_write.c     0x00000000   Number         0  calib_write.o ABSOLUTE
    ..\CryptoAuthLib\crypto\hashes\sha2_routines.c 0x00000000   Number         0  sha2_routines.o ABSOLUTE
    ..\CryptoAuthLib\crypto\mse_crypto_sw_sha2.c 0x00000000   Number         0  mse_crypto_sw_sha2.o ABSOLUTE
    ..\CryptoAuthLib\hal\mse_hal.c           0x00000000   Number         0  mse_hal.o ABSOLUTE
    ..\CryptoAuthLib\host\mse_host.c         0x00000000   Number         0  mse_host.o ABSOLUTE
    ..\CryptoAuthLib\mse_basic.c             0x00000000   Number         0  mse_basic.o ABSOLUTE
    ..\CryptoAuthLib\mse_debug.c             0x00000000   Number         0  mse_debug.o ABSOLUTE
    ..\CryptoAuthLib\mse_device.c            0x00000000   Number         0  mse_device.o ABSOLUTE
    ..\CryptoAuthLib\mse_helpers.c           0x00000000   Number         0  mse_helpers.o ABSOLUTE
    ..\CryptoAuthLib\mse_iface.c             0x00000000   Number         0  mse_iface.o ABSOLUTE
    ..\CryptoAuthLib\mse_utils_sizes.c       0x00000000   Number         0  mse_utils_sizes.o ABSOLUTE
    ..\Drivers\ECC_Driver\ecc_i2c.c          0x00000000   Number         0  ecc_i2c.o ABSOLUTE
    ..\Drivers\ECC_Driver\hal_i2c_bitbang.c  0x00000000   Number         0  hal_i2c_bitbang.o ABSOLUTE
    ..\Drivers\ECC_Driver\i2c_bitbang_stm32.c 0x00000000   Number         0  i2c_bitbang_stm32.o ABSOLUTE
    ..\Drivers\ECC_Driver\usart.c            0x00000000   Number         0  usart.o ABSOLUTE
    ..\Drivers\STM32F1xx_HAL_Driver\Src\stm32f1xx_hal.c 0x00000000   Number         0  stm32f1xx_hal.o ABSOLUTE
    ..\Drivers\STM32F1xx_HAL_Driver\Src\stm32f1xx_hal_cortex.c 0x00000000   Number         0  stm32f1xx_hal_cortex.o ABSOLUTE
    ..\Drivers\STM32F1xx_HAL_Driver\Src\stm32f1xx_hal_crc.c 0x00000000   Number         0  stm32f1xx_hal_crc.o ABSOLUTE
    ..\Drivers\STM32F1xx_HAL_Driver\Src\stm32f1xx_hal_exti.c 0x00000000   Number         0  stm32f1xx_hal_exti.o ABSOLUTE
    ..\Drivers\STM32F1xx_HAL_Driver\Src\stm32f1xx_hal_flash.c 0x00000000   Number         0  stm32f1xx_hal_flash.o ABSOLUTE
    ..\Drivers\STM32F1xx_HAL_Driver\Src\stm32f1xx_hal_flash_ex.c 0x00000000   Number         0  stm32f1xx_hal_flash_ex.o ABSOLUTE
    ..\Drivers\STM32F1xx_HAL_Driver\Src\stm32f1xx_hal_gpio.c 0x00000000   Number         0  stm32f1xx_hal_gpio.o ABSOLUTE
    ..\Drivers\STM32F1xx_HAL_Driver\Src\stm32f1xx_hal_gpio_ex.c 0x00000000   Number         0  stm32f1xx_hal_gpio_ex.o ABSOLUTE
    ..\Drivers\STM32F1xx_HAL_Driver\Src\stm32f1xx_hal_i2c.c 0x00000000   Number         0  stm32f1xx_hal_i2c.o ABSOLUTE
    ..\Drivers\STM32F1xx_HAL_Driver\Src\stm32f1xx_hal_irda.c 0x00000000   Number         0  stm32f1xx_hal_irda.o ABSOLUTE
    ..\Drivers\STM32F1xx_HAL_Driver\Src\stm32f1xx_hal_iwdg.c 0x00000000   Number         0  stm32f1xx_hal_iwdg.o ABSOLUTE
    ..\Drivers\STM32F1xx_HAL_Driver\Src\stm32f1xx_hal_pwr.c 0x00000000   Number         0  stm32f1xx_hal_pwr.o ABSOLUTE
    ..\Drivers\STM32F1xx_HAL_Driver\Src\stm32f1xx_hal_rcc.c 0x00000000   Number         0  stm32f1xx_hal_rcc.o ABSOLUTE
    ..\Drivers\STM32F1xx_HAL_Driver\Src\stm32f1xx_hal_rcc_ex.c 0x00000000   Number         0  stm32f1xx_hal_rcc_ex.o ABSOLUTE
    ..\Drivers\STM32F1xx_HAL_Driver\Src\stm32f1xx_hal_rtc.c 0x00000000   Number         0  stm32f1xx_hal_rtc.o ABSOLUTE
    ..\Drivers\STM32F1xx_HAL_Driver\Src\stm32f1xx_hal_rtc_ex.c 0x00000000   Number         0  stm32f1xx_hal_rtc_ex.o ABSOLUTE
    ..\Drivers\STM32F1xx_HAL_Driver\Src\stm32f1xx_hal_sram.c 0x00000000   Number         0  stm32f1xx_hal_sram.o ABSOLUTE
    ..\Drivers\STM32F1xx_HAL_Driver\Src\stm32f1xx_hal_tim.c 0x00000000   Number         0  stm32f1xx_hal_tim.o ABSOLUTE
    ..\Drivers\STM32F1xx_HAL_Driver\Src\stm32f1xx_hal_tim_ex.c 0x00000000   Number         0  stm32f1xx_hal_tim_ex.o ABSOLUTE
    ..\Drivers\STM32F1xx_HAL_Driver\Src\stm32f1xx_hal_uart.c 0x00000000   Number         0  stm32f1xx_hal_uart.o ABSOLUTE
    ..\Drivers\STM32F1xx_HAL_Driver\Src\stm32f1xx_hal_usart.c 0x00000000   Number         0  stm32f1xx_hal_usart.o ABSOLUTE
    ..\Drivers\STM32F1xx_HAL_Driver\Src\stm32f1xx_hal_wwdg.c 0x00000000   Number         0  stm32f1xx_hal_wwdg.o ABSOLUTE
    ..\Drivers\STM32F1xx_HAL_Driver\Src\stm32f1xx_ll_gpio.c 0x00000000   Number         0  stm32f1xx_ll_gpio.o ABSOLUTE
    ..\Drivers\STM32F1xx_HAL_Driver\Src\stm32f1xx_ll_rcc.c 0x00000000   Number         0  stm32f1xx_ll_rcc.o ABSOLUTE
    ..\Drivers\STM32F1xx_HAL_Driver\Src\stm32f1xx_ll_usart.c 0x00000000   Number         0  stm32f1xx_ll_usart.o ABSOLUTE
    ..\Drivers\STM32F1xx_HAL_Driver\Src\stm32f1xx_ll_utils.c 0x00000000   Number         0  stm32f1xx_ll_utils.o ABSOLUTE
    ..\Drivers\startup_stm32f103xb.s         0x00000000   Number         0  startup_stm32f103xb.o ABSOLUTE
    ..\Drivers\system_stm32f1xx.c            0x00000000   Number         0  system_stm32f1xx.o ABSOLUTE
    ..\\Core\\main.c                         0x00000000   Number         0  main.o ABSOLUTE
    ..\\Core\\stm32f1xx_it.c                 0x00000000   Number         0  stm32f1xx_it.o ABSOLUTE
    ..\\CryptoAuthLib\\calib\\calib_aes.c    0x00000000   Number         0  calib_aes.o ABSOLUTE
    ..\\CryptoAuthLib\\calib\\calib_aes_gcm.c 0x00000000   Number         0  calib_aes_gcm.o ABSOLUTE
    ..\\CryptoAuthLib\\calib\\calib_basic.c  0x00000000   Number         0  calib_basic.o ABSOLUTE
    ..\\CryptoAuthLib\\calib\\calib_checkmac.c 0x00000000   Number         0  calib_checkmac.o ABSOLUTE
    ..\\CryptoAuthLib\\calib\\calib_command.c 0x00000000   Number         0  calib_command.o ABSOLUTE
    ..\\CryptoAuthLib\\calib\\calib_counter.c 0x00000000   Number         0  calib_counter.o ABSOLUTE
    ..\\CryptoAuthLib\\calib\\calib_derivekey.c 0x00000000   Number         0  calib_derivekey.o ABSOLUTE
    ..\\CryptoAuthLib\\calib\\calib_ecdh.c   0x00000000   Number         0  calib_ecdh.o ABSOLUTE
    ..\\CryptoAuthLib\\calib\\calib_execution.c 0x00000000   Number         0  calib_execution.o ABSOLUTE
    ..\\CryptoAuthLib\\calib\\calib_gendig.c 0x00000000   Number         0  calib_gendig.o ABSOLUTE
    ..\\CryptoAuthLib\\calib\\calib_genkey.c 0x00000000   Number         0  calib_genkey.o ABSOLUTE
    ..\\CryptoAuthLib\\calib\\calib_helpers.c 0x00000000   Number         0  calib_helpers.o ABSOLUTE
    ..\\CryptoAuthLib\\calib\\calib_hmac.c   0x00000000   Number         0  calib_hmac.o ABSOLUTE
    ..\\CryptoAuthLib\\calib\\calib_info.c   0x00000000   Number         0  calib_info.o ABSOLUTE
    ..\\CryptoAuthLib\\calib\\calib_kdf.c    0x00000000   Number         0  calib_kdf.o ABSOLUTE
    ..\\CryptoAuthLib\\calib\\calib_lock.c   0x00000000   Number         0  calib_lock.o ABSOLUTE
    ..\\CryptoAuthLib\\calib\\calib_mac.c    0x00000000   Number         0  calib_mac.o ABSOLUTE
    ..\\CryptoAuthLib\\calib\\calib_nonce.c  0x00000000   Number         0  calib_nonce.o ABSOLUTE
    ..\\CryptoAuthLib\\calib\\calib_privwrite.c 0x00000000   Number         0  calib_privwrite.o ABSOLUTE
    ..\\CryptoAuthLib\\calib\\calib_random.c 0x00000000   Number         0  calib_random.o ABSOLUTE
    ..\\CryptoAuthLib\\calib\\calib_read.c   0x00000000   Number         0  calib_read.o ABSOLUTE
    ..\\CryptoAuthLib\\calib\\calib_secureboot.c 0x00000000   Number         0  calib_secureboot.o ABSOLUTE
    ..\\CryptoAuthLib\\calib\\calib_selftest.c 0x00000000   Number         0  calib_selftest.o ABSOLUTE
    ..\\CryptoAuthLib\\calib\\calib_sha.c    0x00000000   Number         0  calib_sha.o ABSOLUTE
    ..\\CryptoAuthLib\\calib\\calib_sign.c   0x00000000   Number         0  calib_sign.o ABSOLUTE
    ..\\CryptoAuthLib\\calib\\calib_updateextra.c 0x00000000   Number         0  calib_updateextra.o ABSOLUTE
    ..\\CryptoAuthLib\\calib\\calib_verify.c 0x00000000   Number         0  calib_verify.o ABSOLUTE
    ..\\CryptoAuthLib\\calib\\calib_write.c  0x00000000   Number         0  calib_write.o ABSOLUTE
    ..\\CryptoAuthLib\\crypto\\mse_crypto_sw_sha2.c 0x00000000   Number         0  mse_crypto_sw_sha2.o ABSOLUTE
    ..\\CryptoAuthLib\\hal\\mse_hal.c        0x00000000   Number         0  mse_hal.o ABSOLUTE
    ..\\CryptoAuthLib\\host\\mse_host.c      0x00000000   Number         0  mse_host.o ABSOLUTE
    ..\\CryptoAuthLib\\mse_basic.c           0x00000000   Number         0  mse_basic.o ABSOLUTE
    ..\\CryptoAuthLib\\mse_debug.c           0x00000000   Number         0  mse_debug.o ABSOLUTE
    ..\\CryptoAuthLib\\mse_device.c          0x00000000   Number         0  mse_device.o ABSOLUTE
    ..\\CryptoAuthLib\\mse_helpers.c         0x00000000   Number         0  mse_helpers.o ABSOLUTE
    ..\\CryptoAuthLib\\mse_iface.c           0x00000000   Number         0  mse_iface.o ABSOLUTE
    ..\\CryptoAuthLib\\mse_utils_sizes.c     0x00000000   Number         0  mse_utils_sizes.o ABSOLUTE
    ..\\Drivers\\ECC_Driver\\ecc_i2c.c       0x00000000   Number         0  ecc_i2c.o ABSOLUTE
    ..\\Drivers\\ECC_Driver\\hal_i2c_bitbang.c 0x00000000   Number         0  hal_i2c_bitbang.o ABSOLUTE
    ..\\Drivers\\ECC_Driver\\i2c_bitbang_stm32.c 0x00000000   Number         0  i2c_bitbang_stm32.o ABSOLUTE
    ..\\Drivers\\ECC_Driver\\usart.c         0x00000000   Number         0  usart.o ABSOLUTE
    ..\\Drivers\\STM32F1xx_HAL_Driver\\Src\\stm32f1xx_hal.c 0x00000000   Number         0  stm32f1xx_hal.o ABSOLUTE
    ..\\Drivers\\STM32F1xx_HAL_Driver\\Src\\stm32f1xx_hal_cortex.c 0x00000000   Number         0  stm32f1xx_hal_cortex.o ABSOLUTE
    ..\\Drivers\\STM32F1xx_HAL_Driver\\Src\\stm32f1xx_hal_crc.c 0x00000000   Number         0  stm32f1xx_hal_crc.o ABSOLUTE
    ..\\Drivers\\STM32F1xx_HAL_Driver\\Src\\stm32f1xx_hal_exti.c 0x00000000   Number         0  stm32f1xx_hal_exti.o ABSOLUTE
    ..\\Drivers\\STM32F1xx_HAL_Driver\\Src\\stm32f1xx_hal_flash.c 0x00000000   Number         0  stm32f1xx_hal_flash.o ABSOLUTE
    ..\\Drivers\\STM32F1xx_HAL_Driver\\Src\\stm32f1xx_hal_flash_ex.c 0x00000000   Number         0  stm32f1xx_hal_flash_ex.o ABSOLUTE
    ..\\Drivers\\STM32F1xx_HAL_Driver\\Src\\stm32f1xx_hal_gpio.c 0x00000000   Number         0  stm32f1xx_hal_gpio.o ABSOLUTE
    ..\\Drivers\\STM32F1xx_HAL_Driver\\Src\\stm32f1xx_hal_gpio_ex.c 0x00000000   Number         0  stm32f1xx_hal_gpio_ex.o ABSOLUTE
    ..\\Drivers\\STM32F1xx_HAL_Driver\\Src\\stm32f1xx_hal_i2c.c 0x00000000   Number         0  stm32f1xx_hal_i2c.o ABSOLUTE
    ..\\Drivers\\STM32F1xx_HAL_Driver\\Src\\stm32f1xx_hal_irda.c 0x00000000   Number         0  stm32f1xx_hal_irda.o ABSOLUTE
    ..\\Drivers\\STM32F1xx_HAL_Driver\\Src\\stm32f1xx_hal_iwdg.c 0x00000000   Number         0  stm32f1xx_hal_iwdg.o ABSOLUTE
    ..\\Drivers\\STM32F1xx_HAL_Driver\\Src\\stm32f1xx_hal_pwr.c 0x00000000   Number         0  stm32f1xx_hal_pwr.o ABSOLUTE
    ..\\Drivers\\STM32F1xx_HAL_Driver\\Src\\stm32f1xx_hal_rcc.c 0x00000000   Number         0  stm32f1xx_hal_rcc.o ABSOLUTE
    ..\\Drivers\\STM32F1xx_HAL_Driver\\Src\\stm32f1xx_hal_rcc_ex.c 0x00000000   Number         0  stm32f1xx_hal_rcc_ex.o ABSOLUTE
    ..\\Drivers\\STM32F1xx_HAL_Driver\\Src\\stm32f1xx_hal_rtc.c 0x00000000   Number         0  stm32f1xx_hal_rtc.o ABSOLUTE
    ..\\Drivers\\STM32F1xx_HAL_Driver\\Src\\stm32f1xx_hal_rtc_ex.c 0x00000000   Number         0  stm32f1xx_hal_rtc_ex.o ABSOLUTE
    ..\\Drivers\\STM32F1xx_HAL_Driver\\Src\\stm32f1xx_hal_sram.c 0x00000000   Number         0  stm32f1xx_hal_sram.o ABSOLUTE
    ..\\Drivers\\STM32F1xx_HAL_Driver\\Src\\stm32f1xx_hal_tim.c 0x00000000   Number         0  stm32f1xx_hal_tim.o ABSOLUTE
    ..\\Drivers\\STM32F1xx_HAL_Driver\\Src\\stm32f1xx_hal_tim_ex.c 0x00000000   Number         0  stm32f1xx_hal_tim_ex.o ABSOLUTE
    ..\\Drivers\\STM32F1xx_HAL_Driver\\Src\\stm32f1xx_hal_uart.c 0x00000000   Number         0  stm32f1xx_hal_uart.o ABSOLUTE
    ..\\Drivers\\STM32F1xx_HAL_Driver\\Src\\stm32f1xx_hal_usart.c 0x00000000   Number         0  stm32f1xx_hal_usart.o ABSOLUTE
    ..\\Drivers\\STM32F1xx_HAL_Driver\\Src\\stm32f1xx_hal_wwdg.c 0x00000000   Number         0  stm32f1xx_hal_wwdg.o ABSOLUTE
    ..\\Drivers\\STM32F1xx_HAL_Driver\\Src\\stm32f1xx_ll_gpio.c 0x00000000   Number         0  stm32f1xx_ll_gpio.o ABSOLUTE
    ..\\Drivers\\STM32F1xx_HAL_Driver\\Src\\stm32f1xx_ll_rcc.c 0x00000000   Number         0  stm32f1xx_ll_rcc.o ABSOLUTE
    ..\\Drivers\\STM32F1xx_HAL_Driver\\Src\\stm32f1xx_ll_usart.c 0x00000000   Number         0  stm32f1xx_ll_usart.o ABSOLUTE
    ..\\Drivers\\STM32F1xx_HAL_Driver\\Src\\stm32f1xx_ll_utils.c 0x00000000   Number         0  stm32f1xx_ll_utils.o ABSOLUTE
    ..\\Drivers\\system_stm32f1xx.c          0x00000000   Number         0  system_stm32f1xx.o ABSOLUTE
    cdrcmple.s                               0x00000000   Number         0  cdrcmple.o ABSOLUTE
    dc.s                                     0x00000000   Number         0  dc.o ABSOLUTE
    handlers.s                               0x00000000   Number         0  handlers.o ABSOLUTE
    init.s                                   0x00000000   Number         0  init.o ABSOLUTE
    RESET                                    0x08000000   Section      236  startup_stm32f103xb.o(RESET)
    .ARM.Collect$$$$00000000                 0x080000ec   Section        0  entry.o(.ARM.Collect$$$$00000000)
    .ARM.Collect$$$$00000001                 0x080000ec   Section        4  entry2.o(.ARM.Collect$$$$00000001)
    .ARM.Collect$$$$00000004                 0x080000f0   Section        4  entry5.o(.ARM.Collect$$$$00000004)
    .ARM.Collect$$$$00000008                 0x080000f4   Section        0  entry7b.o(.ARM.Collect$$$$00000008)
    .ARM.Collect$$$$0000000A                 0x080000f4   Section        0  entry8b.o(.ARM.Collect$$$$0000000A)
    .ARM.Collect$$$$0000000B                 0x080000f4   Section        8  entry9a.o(.ARM.Collect$$$$0000000B)
    .ARM.Collect$$$$0000000D                 0x080000fc   Section        0  entry10a.o(.ARM.Collect$$$$0000000D)
    .ARM.Collect$$$$0000000F                 0x080000fc   Section        0  entry11a.o(.ARM.Collect$$$$0000000F)
    .ARM.Collect$$$$00002712                 0x080000fc   Section        4  entry2.o(.ARM.Collect$$$$00002712)
    __lit__00000000                          0x080000fc   Data           4  entry2.o(.ARM.Collect$$$$00002712)
    .text                                    0x08000100   Section       36  startup_stm32f103xb.o(.text)
    .text                                    0x08000124   Section        0  llushr.o(.text)
    .text                                    0x08000144   Section        0  memmovea.o(.text)
    .text                                    0x08000184   Section        0  memseta.o(.text)
    .text                                    0x080001a8   Section        0  memcmp.o(.text)
    .text                                    0x080001c2   Section        0  uldiv.o(.text)
    .text                                    0x08000224   Section       36  init.o(.text)
    .text                                    0x08000248   Section        0  llshl.o(.text)
    i.BusFault_Handler                       0x08000266   Section        0  stm32f1xx_it.o(i.BusFault_Handler)
    i.DebugMon_Handler                       0x0800026a   Section        0  stm32f1xx_it.o(i.DebugMon_Handler)
    i.Error_Handler                          0x0800026c   Section        0  main.o(i.Error_Handler)
    i.HAL_Delay                              0x08000274   Section        0  stm32f1xx_hal.o(i.HAL_Delay)
    i.HAL_GetTick                            0x0800029c   Section        0  stm32f1xx_hal.o(i.HAL_GetTick)
    i.HAL_IncTick                            0x080002a8   Section        0  stm32f1xx_hal.o(i.HAL_IncTick)
    i.HAL_Init                               0x080002c0   Section        0  stm32f1xx_hal.o(i.HAL_Init)
    i.HAL_InitTick                           0x080002e8   Section        0  stm32f1xx_hal.o(i.HAL_InitTick)
    i.HAL_MspInit                            0x08000334   Section        0  stm32f1xx_hal.o(i.HAL_MspInit)
    i.HAL_NVIC_SetPriority                   0x08000336   Section        0  stm32f1xx_hal_cortex.o(i.HAL_NVIC_SetPriority)
    i.HAL_NVIC_SetPriorityGrouping           0x080003b4   Section        0  stm32f1xx_hal_cortex.o(i.HAL_NVIC_SetPriorityGrouping)
    i.HAL_SYSTICK_Config                     0x080003dc   Section        0  stm32f1xx_hal_cortex.o(i.HAL_SYSTICK_Config)
    i.HardFault_Handler                      0x08000410   Section        0  stm32f1xx_it.o(i.HardFault_Handler)
    i.IsBigEndian                            0x08000414   Section        0  main.o(i.IsBigEndian)
    i.LL_APB2_GRP1_EnableClock               0x08000460   Section        0  main.o(i.LL_APB2_GRP1_EnableClock)
    LL_APB2_GRP1_EnableClock                 0x08000461   Thumb Code    24  main.o(i.LL_APB2_GRP1_EnableClock)
    i.LL_APB2_GRP1_EnableClock               0x0800047c   Section        0  usart.o(i.LL_APB2_GRP1_EnableClock)
    LL_APB2_GRP1_EnableClock                 0x0800047d   Thumb Code    24  usart.o(i.LL_APB2_GRP1_EnableClock)
    i.LL_GPIO_Init                           0x08000498   Section        0  stm32f1xx_ll_gpio.o(i.LL_GPIO_Init)
    i.LL_GPIO_IsInputPinSet                  0x080005c0   Section        0  i2c_bitbang_stm32.o(i.LL_GPIO_IsInputPinSet)
    LL_GPIO_IsInputPinSet                    0x080005c1   Thumb Code    26  i2c_bitbang_stm32.o(i.LL_GPIO_IsInputPinSet)
    i.LL_GPIO_ResetOutputPin                 0x080005da   Section        0  i2c_bitbang_stm32.o(i.LL_GPIO_ResetOutputPin)
    LL_GPIO_ResetOutputPin                   0x080005db   Thumb Code     8  i2c_bitbang_stm32.o(i.LL_GPIO_ResetOutputPin)
    i.LL_GPIO_SetOutputPin                   0x080005e2   Section        0  i2c_bitbang_stm32.o(i.LL_GPIO_SetOutputPin)
    LL_GPIO_SetOutputPin                     0x080005e3   Thumb Code     8  i2c_bitbang_stm32.o(i.LL_GPIO_SetOutputPin)
    i.LL_GPIO_SetPinMode                     0x080005ea   Section        0  i2c_bitbang_stm32.o(i.LL_GPIO_SetPinMode)
    LL_GPIO_SetPinMode                       0x080005eb   Thumb Code    44  i2c_bitbang_stm32.o(i.LL_GPIO_SetPinMode)
    i.LL_RCC_GetSystemClocksFreq             0x08000616   Section        0  stm32f1xx_ll_rcc.o(i.LL_RCC_GetSystemClocksFreq)
    i.LL_SetSystemCoreClock                  0x0800063c   Section        0  stm32f1xx_ll_utils.o(i.LL_SetSystemCoreClock)
    i.LL_USART_Init                          0x08000648   Section        0  stm32f1xx_ll_usart.o(i.LL_USART_Init)
    i.LL_USART_IsEnabled                     0x080006dc   Section        0  stm32f1xx_ll_usart.o(i.LL_USART_IsEnabled)
    LL_USART_IsEnabled                       0x080006dd   Thumb Code    10  stm32f1xx_ll_usart.o(i.LL_USART_IsEnabled)
    i.LL_USART_SetBaudRate                   0x080006e6   Section        0  stm32f1xx_ll_usart.o(i.LL_USART_SetBaudRate)
    LL_USART_SetBaudRate                     0x080006e7   Thumb Code   158  stm32f1xx_ll_usart.o(i.LL_USART_SetBaudRate)
    i.MX_GPIO_Init                           0x08000784   Section        0  main.o(i.MX_GPIO_Init)
    i.MX_USART1_UART_Init                    0x080007ec   Section        0  usart.o(i.MX_USART1_UART_Init)
    i.MemManage_Handler                      0x08000894   Section        0  stm32f1xx_it.o(i.MemManage_Handler)
    i.NMI_Handler                            0x08000898   Section        0  stm32f1xx_it.o(i.NMI_Handler)
    i.PendSV_Handler                         0x0800089c   Section        0  stm32f1xx_it.o(i.PendSV_Handler)
    i.RCC_GetHCLKClockFreq                   0x080008a0   Section        0  stm32f1xx_ll_rcc.o(i.RCC_GetHCLKClockFreq)
    i.RCC_GetPCLK1ClockFreq                  0x080008c0   Section        0  stm32f1xx_ll_rcc.o(i.RCC_GetPCLK1ClockFreq)
    i.RCC_GetPCLK2ClockFreq                  0x080008e4   Section        0  stm32f1xx_ll_rcc.o(i.RCC_GetPCLK2ClockFreq)
    i.RCC_GetSystemClockFreq                 0x08000908   Section        0  stm32f1xx_ll_rcc.o(i.RCC_GetSystemClockFreq)
    i.RCC_PLL_GetFreqDomain_SYS              0x08000944   Section        0  stm32f1xx_ll_rcc.o(i.RCC_PLL_GetFreqDomain_SYS)
    i.SVC_Handler                            0x0800099c   Section        0  stm32f1xx_it.o(i.SVC_Handler)
    i.SysTick_Handler                        0x0800099e   Section        0  stm32f1xx_it.o(i.SysTick_Handler)
    i.SystemClock_Config                     0x080009a8   Section        0  main.o(i.SystemClock_Config)
    i.SystemInit                             0x08000b34   Section        0  system_stm32f1xx.o(i.SystemInit)
    i.USB_HP_CAN1_TX_IRQHandler              0x08000b36   Section        0  stm32f1xx_it.o(i.USB_HP_CAN1_TX_IRQHandler)
    i.USB_LP_CAN1_RX0_IRQHandler             0x08000b38   Section        0  stm32f1xx_it.o(i.USB_LP_CAN1_RX0_IRQHandler)
    i.UsageFault_Handler                     0x08000b3a   Section        0  stm32f1xx_it.o(i.UsageFault_Handler)
    i.__0printf$8                            0x08000b40   Section        0  printf8.o(i.__0printf$8)
    i.__NVIC_GetPriorityGrouping             0x08000b60   Section        0  stm32f1xx_hal_cortex.o(i.__NVIC_GetPriorityGrouping)
    __NVIC_GetPriorityGrouping               0x08000b61   Thumb Code    10  stm32f1xx_hal_cortex.o(i.__NVIC_GetPriorityGrouping)
    i.__NVIC_SetPriority                     0x08000b70   Section        0  stm32f1xx_hal_cortex.o(i.__NVIC_SetPriority)
    __NVIC_SetPriority                       0x08000b71   Thumb Code    32  stm32f1xx_hal_cortex.o(i.__NVIC_SetPriority)
    i.__scatterload_copy                     0x08000b98   Section       14  handlers.o(i.__scatterload_copy)
    i.__scatterload_null                     0x08000ba6   Section        2  handlers.o(i.__scatterload_null)
    i.__scatterload_zeroinit                 0x08000ba8   Section       14  handlers.o(i.__scatterload_zeroinit)
    i._printf_core                           0x08000bb8   Section        0  printf8.o(i._printf_core)
    _printf_core                             0x08000bb9   Thumb Code   996  printf8.o(i._printf_core)
    i._printf_post_padding                   0x08000fc8   Section        0  printf8.o(i._printf_post_padding)
    _printf_post_padding                     0x08000fc9   Thumb Code    36  printf8.o(i._printf_post_padding)
    i._printf_pre_padding                    0x08000fec   Section        0  printf8.o(i._printf_pre_padding)
    _printf_pre_padding                      0x08000fed   Thumb Code    46  printf8.o(i._printf_pre_padding)
    i.bpCRC                                  0x0800101a   Section        0  calib_command.o(i.bpCRC)
    i.bpCalcCrc                              0x0800107a   Section        0  calib_command.o(i.bpCalcCrc)
    i.bpCheckCrc                             0x08001094   Section        0  calib_command.o(i.bpCheckCrc)
    i.bpRead                                 0x080010c6   Section        0  calib_command.o(i.bpRead)
    i.calib_execute_command                  0x080010de   Section        0  calib_execution.o(i.calib_execute_command)
    i.calib_execute_receive                  0x080011e6   Section        0  calib_execution.o(i.calib_execute_receive)
    i.calib_execute_send                     0x080012c0   Section        0  calib_execution.o(i.calib_execute_send)
    i.calib_get_addr                         0x08001326   Section        0  calib_basic.o(i.calib_get_addr)
    i.calib_get_zone_size                    0x08001394   Section        0  calib_basic.o(i.calib_get_zone_size)
    i.calib_idle                             0x08001466   Section        0  calib_basic.o(i.calib_idle)
    i.calib_read_bytes_zone                  0x080014a6   Section        0  calib_read.o(i.calib_read_bytes_zone)
    i.calib_read_zone                        0x080015dc   Section        0  calib_read.o(i.calib_read_zone)
    i.calib_wakeup                           0x08001696   Section        0  calib_basic.o(i.calib_wakeup)
    i.calib_wakeup_i2c                       0x080016dc   Section        0  calib_basic.o(i.calib_wakeup_i2c)
    i.fputc                                  0x080017ac   Section        0  usart.o(i.fputc)
    i.hal_check_wake                         0x080017cc   Section        0  mse_hal.o(i.hal_check_wake)
    i.hal_delay_us                           0x08001814   Section        0  i2c_bitbang_stm32.o(i.hal_delay_us)
    i.hal_i2c_control                        0x08001868   Section        0  hal_i2c_bitbang.o(i.hal_i2c_control)
    i.hal_i2c_init                           0x08001884   Section        0  hal_i2c_bitbang.o(i.hal_i2c_init)
    i.hal_i2c_post_init                      0x08001928   Section        0  hal_i2c_bitbang.o(i.hal_i2c_post_init)
    i.hal_i2c_receive                        0x08001930   Section        0  hal_i2c_bitbang.o(i.hal_i2c_receive)
    i.hal_i2c_release                        0x08001990   Section        0  hal_i2c_bitbang.o(i.hal_i2c_release)
    i.hal_i2c_send                           0x080019c4   Section        0  hal_i2c_bitbang.o(i.hal_i2c_send)
    i.hal_i2c_send_slave_address             0x08001a1c   Section        0  hal_i2c_bitbang.o(i.hal_i2c_send_slave_address)
    hal_i2c_send_slave_address               0x08001a1d   Thumb Code    38  hal_i2c_bitbang.o(i.hal_i2c_send_slave_address)
    i.hal_iface_get_registered               0x08001a44   Section        0  mse_hal.o(i.hal_iface_get_registered)
    hal_iface_get_registered                 0x08001a45   Thumb Code    78  mse_hal.o(i.hal_iface_get_registered)
    i.hal_iface_init                         0x08001a98   Section        0  mse_hal.o(i.hal_iface_init)
    i.hal_iface_release                      0x08001aba   Section        0  mse_hal.o(i.hal_iface_release)
    i.i2c_enable                             0x08001b04   Section        0  i2c_bitbang_stm32.o(i.i2c_enable)
    i.i2c_receive_bytes                      0x08001b50   Section        0  i2c_bitbang_stm32.o(i.i2c_receive_bytes)
    i.i2c_receive_one_byte                   0x08001b78   Section        0  i2c_bitbang_stm32.o(i.i2c_receive_one_byte)
    i.i2c_send_ack                           0x08001bf4   Section        0  i2c_bitbang_stm32.o(i.i2c_send_ack)
    i.i2c_send_byte                          0x08001cac   Section        0  i2c_bitbang_stm32.o(i.i2c_send_byte)
    i.i2c_send_bytes                         0x08001dc0   Section        0  i2c_bitbang_stm32.o(i.i2c_send_bytes)
    i.i2c_send_start                         0x08001df0   Section        0  i2c_bitbang_stm32.o(i.i2c_send_start)
    i.i2c_send_stop                          0x08001e48   Section        0  i2c_bitbang_stm32.o(i.i2c_send_stop)
    i.i2c_set_pin                            0x08001e9c   Section        0  i2c_bitbang_stm32.o(i.i2c_set_pin)
    i.initMSEDevice                          0x08001eb0   Section        0  mse_device.o(i.initMSEDevice)
    i.initMSEIface                           0x08001ed2   Section        0  mse_iface.o(i.initMSEIface)
    i.ioGetIFace                             0x08001efe   Section        0  mse_device.o(i.ioGetIFace)
    i.iocontrol                              0x08001f00   Section        0  mse_iface.o(i.iocontrol)
    i.iogetifacecfg                          0x08001f34   Section        0  mse_iface.o(i.iogetifacecfg)
    i.ioidle                                 0x08001f40   Section        0  mse_iface.o(i.ioidle)
    i.ioinit                                 0x08001f72   Section        0  mse_iface.o(i.ioinit)
    i.ioreceive                              0x08002010   Section        0  mse_iface.o(i.ioreceive)
    i.iosend                                 0x08002044   Section        0  mse_iface.o(i.iosend)
    i.iowake                                 0x08002086   Section        0  mse_iface.o(i.iowake)
    i.isMSEError                             0x080020cc   Section        0  calib_command.o(i.isMSEError)
    i.main                                   0x0800212c   Section        0  main.o(i.main)
    i.mse_get_device_address                 0x080021cc   Section        0  mse_basic.o(i.mse_get_device_address)
    i.mse_get_device_type_ext                0x080021e8   Section        0  mse_basic.o(i.mse_get_device_type_ext)
    i.mse_iface_get_retries                  0x080021f8   Section        0  mse_iface.o(i.mse_iface_get_retries)
    i.mse_iface_is_kit                       0x0800220a   Section        0  mse_iface.o(i.mse_iface_is_kit)
    i.mse_iface_is_swi                       0x08002230   Section        0  mse_iface.o(i.mse_iface_is_swi)
    i.mse_init                               0x08002250   Section        0  mse_basic.o(i.mse_init)
    i.mse_init_ext                           0x08002264   Section        0  mse_basic.o(i.mse_init_ext)
    i.mse_release_ext                        0x080022d4   Section        0  mse_basic.o(i.mse_release_ext)
    i.mse_trace                              0x080022ee   Section        0  mse_debug.o(i.mse_trace)
    i.releaseMSEDevice                       0x080022f0   Section        0  mse_device.o(i.releaseMSEDevice)
    i.releaseMSEIface                        0x08002302   Section        0  mse_iface.o(i.releaseMSEIface)
    .constdata                               0x0800232e   Section       24  system_stm32f1xx.o(.constdata)
    .conststring                             0x08002348   Section      106  main.o(.conststring)
    .data                                    0x20000000   Section       48  main.o(.data)
    .data                                    0x20000030   Section        4  system_stm32f1xx.o(.data)
    .data                                    0x20000034   Section        9  stm32f1xx_hal.o(.data)
    .data                                    0x20000040   Section        4  mse_basic.o(.data)
    .data                                    0x20000044   Section       36  mse_hal.o(.data)
    hal_i2c                                  0x20000044   Data          24  mse_hal.o(.data)
    mse_registered_hal_list                  0x2000005c   Data          12  mse_hal.o(.data)
    .data                                    0x20000068   Section       48  i2c_bitbang_stm32.o(.data)
    .data                                    0x20000098   Section        4  stdout.o(.data)
    .bss                                     0x2000009c   Section       52  mse_basic.o(.bss)
    .bss                                     0x200000d0   Section       32  hal_i2c_bitbang.o(.bss)
    i2c_hal_data                             0x200000d0   Data          32  hal_i2c_bitbang.o(.bss)
    STACK                                    0x200000f0   Section     1280  startup_stm32f103xb.o(STACK)

    Global Symbols

    Symbol Name                              Value     Ov Type        Size  Object(Section)

    BuildAttributes$$THM_ISAv4$P$D$K$B$S$PE$A:L22UL41UL21$X:L11$S22US41US21$IEEE1$IW$USESV6$~STKCKD$USESV7$~SHL$OSPACE$ROPI$EBA8$MICROLIB$REQ8$PRES8$EABIv2 0x00000000   Number         0  anon$$obj.o ABSOLUTE
    __ARM_use_no_argv                        0x00000000   Number         0  main.o ABSOLUTE
    _printf_a                                0x00000000   Number         0  stubs.o ABSOLUTE
    _printf_c                                0x00000000   Number         0  stubs.o ABSOLUTE
    _printf_charcount                        0x00000000   Number         0  stubs.o ABSOLUTE
    _printf_d                                0x00000000   Number         0  stubs.o ABSOLUTE
    _printf_e                                0x00000000   Number         0  stubs.o ABSOLUTE
    _printf_f                                0x00000000   Number         0  stubs.o ABSOLUTE
    _printf_flags                            0x00000000   Number         0  stubs.o ABSOLUTE
    _printf_fp_dec                           0x00000000   Number         0  stubs.o ABSOLUTE
    _printf_fp_hex                           0x00000000   Number         0  stubs.o ABSOLUTE
    _printf_g                                0x00000000   Number         0  stubs.o ABSOLUTE
    _printf_i                                0x00000000   Number         0  stubs.o ABSOLUTE
    _printf_int_dec                          0x00000000   Number         0  stubs.o ABSOLUTE
    _printf_l                                0x00000000   Number         0  stubs.o ABSOLUTE
    _printf_lc                               0x00000000   Number         0  stubs.o ABSOLUTE
    _printf_ll                               0x00000000   Number         0  stubs.o ABSOLUTE
    _printf_lld                              0x00000000   Number         0  stubs.o ABSOLUTE
    _printf_lli                              0x00000000   Number         0  stubs.o ABSOLUTE
    _printf_llo                              0x00000000   Number         0  stubs.o ABSOLUTE
    _printf_llu                              0x00000000   Number         0  stubs.o ABSOLUTE
    _printf_llx                              0x00000000   Number         0  stubs.o ABSOLUTE
    _printf_longlong_dec                     0x00000000   Number         0  stubs.o ABSOLUTE
    _printf_longlong_hex                     0x00000000   Number         0  stubs.o ABSOLUTE
    _printf_longlong_oct                     0x00000000   Number         0  stubs.o ABSOLUTE
    _printf_ls                               0x00000000   Number         0  stubs.o ABSOLUTE
    _printf_mbtowc                           0x00000000   Number         0  stubs.o ABSOLUTE
    _printf_n                                0x00000000   Number         0  stubs.o ABSOLUTE
    _printf_o                                0x00000000   Number         0  stubs.o ABSOLUTE
    _printf_p                                0x00000000   Number         0  stubs.o ABSOLUTE
    _printf_percent                          0x00000000   Number         0  stubs.o ABSOLUTE
    _printf_pre_padding                      0x00000000   Number         0  stubs.o ABSOLUTE
    _printf_return_value                     0x00000000   Number         0  stubs.o ABSOLUTE
    _printf_s                                0x00000000   Number         0  stubs.o ABSOLUTE
    _printf_sizespec                         0x00000000   Number         0  stubs.o ABSOLUTE
    _printf_str                              0x00000000   Number         0  stubs.o ABSOLUTE
    _printf_truncate_signed                  0x00000000   Number         0  stubs.o ABSOLUTE
    _printf_truncate_unsigned                0x00000000   Number         0  stubs.o ABSOLUTE
    _printf_u                                0x00000000   Number         0  stubs.o ABSOLUTE
    _printf_wc                               0x00000000   Number         0  stubs.o ABSOLUTE
    _printf_wctomb                           0x00000000   Number         0  stubs.o ABSOLUTE
    _printf_widthprec                        0x00000000   Number         0  stubs.o ABSOLUTE
    _printf_x                                0x00000000   Number         0  stubs.o ABSOLUTE
    __cpp_initialize__aeabi_                  - Undefined Weak Reference
    __cxa_finalize                            - Undefined Weak Reference
    __decompress                              - Undefined Weak Reference
    _clock_init                               - Undefined Weak Reference
    _microlib_exit                            - Undefined Weak Reference
    __Vectors_Size                           0x000000ec   Number         0  startup_stm32f103xb.o ABSOLUTE
    __Vectors                                0x08000000   Data           4  startup_stm32f103xb.o(RESET)
    __Vectors_End                            0x080000ec   Data           0  startup_stm32f103xb.o(RESET)
    __main                                   0x080000ed   Thumb Code     0  entry.o(.ARM.Collect$$$$00000000)
    _main_stk                                0x080000ed   Thumb Code     0  entry2.o(.ARM.Collect$$$$00000001)
    _main_scatterload                        0x080000f1   Thumb Code     0  entry5.o(.ARM.Collect$$$$00000004)
    __main_after_scatterload                 0x080000f5   Thumb Code     0  entry5.o(.ARM.Collect$$$$00000004)
    _main_clock                              0x080000f5   Thumb Code     0  entry7b.o(.ARM.Collect$$$$00000008)
    _main_cpp_init                           0x080000f5   Thumb Code     0  entry8b.o(.ARM.Collect$$$$0000000A)
    _main_init                               0x080000f5   Thumb Code     0  entry9a.o(.ARM.Collect$$$$0000000B)
    __rt_final_cpp                           0x080000fd   Thumb Code     0  entry10a.o(.ARM.Collect$$$$0000000D)
    __rt_final_exit                          0x080000fd   Thumb Code     0  entry11a.o(.ARM.Collect$$$$0000000F)
    Reset_Handler                            0x08000101   Thumb Code     8  startup_stm32f103xb.o(.text)
    ADC1_2_IRQHandler                        0x0800011b   Thumb Code     0  startup_stm32f103xb.o(.text)
    CAN1_RX1_IRQHandler                      0x0800011b   Thumb Code     0  startup_stm32f103xb.o(.text)
    CAN1_SCE_IRQHandler                      0x0800011b   Thumb Code     0  startup_stm32f103xb.o(.text)
    DMA1_Channel1_IRQHandler                 0x0800011b   Thumb Code     0  startup_stm32f103xb.o(.text)
    DMA1_Channel2_IRQHandler                 0x0800011b   Thumb Code     0  startup_stm32f103xb.o(.text)
    DMA1_Channel3_IRQHandler                 0x0800011b   Thumb Code     0  startup_stm32f103xb.o(.text)
    DMA1_Channel4_IRQHandler                 0x0800011b   Thumb Code     0  startup_stm32f103xb.o(.text)
    DMA1_Channel5_IRQHandler                 0x0800011b   Thumb Code     0  startup_stm32f103xb.o(.text)
    DMA1_Channel6_IRQHandler                 0x0800011b   Thumb Code     0  startup_stm32f103xb.o(.text)
    DMA1_Channel7_IRQHandler                 0x0800011b   Thumb Code     0  startup_stm32f103xb.o(.text)
    EXTI0_IRQHandler                         0x0800011b   Thumb Code     0  startup_stm32f103xb.o(.text)
    EXTI15_10_IRQHandler                     0x0800011b   Thumb Code     0  startup_stm32f103xb.o(.text)
    EXTI1_IRQHandler                         0x0800011b   Thumb Code     0  startup_stm32f103xb.o(.text)
    EXTI2_IRQHandler                         0x0800011b   Thumb Code     0  startup_stm32f103xb.o(.text)
    EXTI3_IRQHandler                         0x0800011b   Thumb Code     0  startup_stm32f103xb.o(.text)
    EXTI4_IRQHandler                         0x0800011b   Thumb Code     0  startup_stm32f103xb.o(.text)
    EXTI9_5_IRQHandler                       0x0800011b   Thumb Code     0  startup_stm32f103xb.o(.text)
    FLASH_IRQHandler                         0x0800011b   Thumb Code     0  startup_stm32f103xb.o(.text)
    I2C1_ER_IRQHandler                       0x0800011b   Thumb Code     0  startup_stm32f103xb.o(.text)
    I2C1_EV_IRQHandler                       0x0800011b   Thumb Code     0  startup_stm32f103xb.o(.text)
    I2C2_ER_IRQHandler                       0x0800011b   Thumb Code     0  startup_stm32f103xb.o(.text)
    I2C2_EV_IRQHandler                       0x0800011b   Thumb Code     0  startup_stm32f103xb.o(.text)
    PVD_IRQHandler                           0x0800011b   Thumb Code     0  startup_stm32f103xb.o(.text)
    RCC_IRQHandler                           0x0800011b   Thumb Code     0  startup_stm32f103xb.o(.text)
    RTC_Alarm_IRQHandler                     0x0800011b   Thumb Code     0  startup_stm32f103xb.o(.text)
    RTC_IRQHandler                           0x0800011b   Thumb Code     0  startup_stm32f103xb.o(.text)
    SPI1_IRQHandler                          0x0800011b   Thumb Code     0  startup_stm32f103xb.o(.text)
    SPI2_IRQHandler                          0x0800011b   Thumb Code     0  startup_stm32f103xb.o(.text)
    TAMPER_IRQHandler                        0x0800011b   Thumb Code     0  startup_stm32f103xb.o(.text)
    TIM1_BRK_IRQHandler                      0x0800011b   Thumb Code     0  startup_stm32f103xb.o(.text)
    TIM1_CC_IRQHandler                       0x0800011b   Thumb Code     0  startup_stm32f103xb.o(.text)
    TIM1_TRG_COM_IRQHandler                  0x0800011b   Thumb Code     0  startup_stm32f103xb.o(.text)
    TIM1_UP_IRQHandler                       0x0800011b   Thumb Code     0  startup_stm32f103xb.o(.text)
    TIM2_IRQHandler                          0x0800011b   Thumb Code     0  startup_stm32f103xb.o(.text)
    TIM3_IRQHandler                          0x0800011b   Thumb Code     0  startup_stm32f103xb.o(.text)
    TIM4_IRQHandler                          0x0800011b   Thumb Code     0  startup_stm32f103xb.o(.text)
    USART1_IRQHandler                        0x0800011b   Thumb Code     0  startup_stm32f103xb.o(.text)
    USART2_IRQHandler                        0x0800011b   Thumb Code     0  startup_stm32f103xb.o(.text)
    USART3_IRQHandler                        0x0800011b   Thumb Code     0  startup_stm32f103xb.o(.text)
    USBWakeUp_IRQHandler                     0x0800011b   Thumb Code     0  startup_stm32f103xb.o(.text)
    WWDG_IRQHandler                          0x0800011b   Thumb Code     0  startup_stm32f103xb.o(.text)
    __aeabi_llsr                             0x08000125   Thumb Code    32  llushr.o(.text)
    _ll_ushift_r                             0x08000125   Thumb Code     0  llushr.o(.text)
    ___aeabi_memcpy8$move                    0x08000145   Thumb Code     0  memmovea.o(.text)
    __aeabi_memcpy                           0x08000145   Thumb Code    64  memmovea.o(.text)
    __aeabi_memcpy4                          0x08000145   Thumb Code     0  memmovea.o(.text)
    __aeabi_memmove                          0x08000145   Thumb Code     0  memmovea.o(.text)
    __aeabi_memmove4                         0x08000145   Thumb Code     0  memmovea.o(.text)
    __aeabi_memmove8                         0x08000145   Thumb Code     0  memmovea.o(.text)
    __aeabi_memset                           0x08000185   Thumb Code    14  memseta.o(.text)
    __aeabi_memset4                          0x08000185   Thumb Code     0  memseta.o(.text)
    __aeabi_memset8                          0x08000185   Thumb Code     0  memseta.o(.text)
    __aeabi_memclr                           0x08000193   Thumb Code     4  memseta.o(.text)
    __aeabi_memclr4                          0x08000193   Thumb Code     0  memseta.o(.text)
    __aeabi_memclr8                          0x08000193   Thumb Code     0  memseta.o(.text)
    _memset$wrapper                          0x08000197   Thumb Code    18  memseta.o(.text)
    memcmp                                   0x080001a9   Thumb Code    26  memcmp.o(.text)
    __aeabi_uldivmod                         0x080001c3   Thumb Code    98  uldiv.o(.text)
    __scatterload                            0x08000225   Thumb Code    28  init.o(.text)
    __scatterload_rt2                        0x08000225   Thumb Code     0  init.o(.text)
    __aeabi_llsl                             0x08000249   Thumb Code    30  llshl.o(.text)
    _ll_shift_l                              0x08000249   Thumb Code     0  llshl.o(.text)
    BusFault_Handler                         0x08000267   Thumb Code     4  stm32f1xx_it.o(i.BusFault_Handler)
    DebugMon_Handler                         0x0800026b   Thumb Code     2  stm32f1xx_it.o(i.DebugMon_Handler)
    Error_Handler                            0x0800026d   Thumb Code     6  main.o(i.Error_Handler)
    HAL_Delay                                0x08000275   Thumb Code    36  stm32f1xx_hal.o(i.HAL_Delay)
    HAL_GetTick                              0x0800029d   Thumb Code     6  stm32f1xx_hal.o(i.HAL_GetTick)
    HAL_IncTick                              0x080002a9   Thumb Code    16  stm32f1xx_hal.o(i.HAL_IncTick)
    HAL_Init                                 0x080002c1   Thumb Code    34  stm32f1xx_hal.o(i.HAL_Init)
    HAL_InitTick                             0x080002e9   Thumb Code    64  stm32f1xx_hal.o(i.HAL_InitTick)
    HAL_MspInit                              0x08000335   Thumb Code     2  stm32f1xx_hal.o(i.HAL_MspInit)
    HAL_NVIC_SetPriority                     0x08000337   Thumb Code   124  stm32f1xx_hal_cortex.o(i.HAL_NVIC_SetPriority)
    HAL_NVIC_SetPriorityGrouping             0x080003b5   Thumb Code    32  stm32f1xx_hal_cortex.o(i.HAL_NVIC_SetPriorityGrouping)
    HAL_SYSTICK_Config                       0x080003dd   Thumb Code    52  stm32f1xx_hal_cortex.o(i.HAL_SYSTICK_Config)
    HardFault_Handler                        0x08000411   Thumb Code     4  stm32f1xx_it.o(i.HardFault_Handler)
    IsBigEndian                              0x08000415   Thumb Code    32  main.o(i.IsBigEndian)
    LL_GPIO_Init                             0x08000499   Thumb Code   296  stm32f1xx_ll_gpio.o(i.LL_GPIO_Init)
    LL_RCC_GetSystemClocksFreq               0x08000617   Thumb Code    36  stm32f1xx_ll_rcc.o(i.LL_RCC_GetSystemClocksFreq)
    LL_SetSystemCoreClock                    0x0800063d   Thumb Code     6  stm32f1xx_ll_utils.o(i.LL_SetSystemCoreClock)
    LL_USART_Init                            0x08000649   Thumb Code   134  stm32f1xx_ll_usart.o(i.LL_USART_Init)
    MX_GPIO_Init                             0x08000785   Thumb Code    92  main.o(i.MX_GPIO_Init)
    MX_USART1_UART_Init                      0x080007ed   Thumb Code   150  usart.o(i.MX_USART1_UART_Init)
    MemManage_Handler                        0x08000895   Thumb Code     4  stm32f1xx_it.o(i.MemManage_Handler)
    NMI_Handler                              0x08000899   Thumb Code     4  stm32f1xx_it.o(i.NMI_Handler)
    PendSV_Handler                           0x0800089d   Thumb Code     2  stm32f1xx_it.o(i.PendSV_Handler)
    RCC_GetHCLKClockFreq                     0x080008a1   Thumb Code    24  stm32f1xx_ll_rcc.o(i.RCC_GetHCLKClockFreq)
    RCC_GetPCLK1ClockFreq                    0x080008c1   Thumb Code    26  stm32f1xx_ll_rcc.o(i.RCC_GetPCLK1ClockFreq)
    RCC_GetPCLK2ClockFreq                    0x080008e5   Thumb Code    26  stm32f1xx_ll_rcc.o(i.RCC_GetPCLK2ClockFreq)
    RCC_GetSystemClockFreq                   0x08000909   Thumb Code    52  stm32f1xx_ll_rcc.o(i.RCC_GetSystemClockFreq)
    RCC_PLL_GetFreqDomain_SYS                0x08000945   Thumb Code    76  stm32f1xx_ll_rcc.o(i.RCC_PLL_GetFreqDomain_SYS)
    SVC_Handler                              0x0800099d   Thumb Code     2  stm32f1xx_it.o(i.SVC_Handler)
    SysTick_Handler                          0x0800099f   Thumb Code     8  stm32f1xx_it.o(i.SysTick_Handler)
    SystemClock_Config                       0x080009a9   Thumb Code   380  main.o(i.SystemClock_Config)
    SystemInit                               0x08000b35   Thumb Code     2  system_stm32f1xx.o(i.SystemInit)
    USB_HP_CAN1_TX_IRQHandler                0x08000b37   Thumb Code     2  stm32f1xx_it.o(i.USB_HP_CAN1_TX_IRQHandler)
    USB_LP_CAN1_RX0_IRQHandler               0x08000b39   Thumb Code     2  stm32f1xx_it.o(i.USB_LP_CAN1_RX0_IRQHandler)
    UsageFault_Handler                       0x08000b3b   Thumb Code     4  stm32f1xx_it.o(i.UsageFault_Handler)
    __0printf$8                              0x08000b41   Thumb Code    22  printf8.o(i.__0printf$8)
    __1printf$8                              0x08000b41   Thumb Code     0  printf8.o(i.__0printf$8)
    __2printf                                0x08000b41   Thumb Code     0  printf8.o(i.__0printf$8)
    __scatterload_copy                       0x08000b99   Thumb Code    14  handlers.o(i.__scatterload_copy)
    __scatterload_null                       0x08000ba7   Thumb Code     2  handlers.o(i.__scatterload_null)
    __scatterload_zeroinit                   0x08000ba9   Thumb Code    14  handlers.o(i.__scatterload_zeroinit)
    bpCRC                                    0x0800101b   Thumb Code    96  calib_command.o(i.bpCRC)
    bpCalcCrc                                0x0800107b   Thumb Code    26  calib_command.o(i.bpCalcCrc)
    bpCheckCrc                               0x08001095   Thumb Code    50  calib_command.o(i.bpCheckCrc)
    bpRead                                   0x080010c7   Thumb Code    24  calib_command.o(i.bpRead)
    calib_execute_command                    0x080010df   Thumb Code   264  calib_execution.o(i.calib_execute_command)
    calib_execute_receive                    0x080011e7   Thumb Code   218  calib_execution.o(i.calib_execute_receive)
    calib_execute_send                       0x080012c1   Thumb Code   102  calib_execution.o(i.calib_execute_send)
    calib_get_addr                           0x08001327   Thumb Code   110  calib_basic.o(i.calib_get_addr)
    calib_get_zone_size                      0x08001395   Thumb Code   210  calib_basic.o(i.calib_get_zone_size)
    calib_idle                               0x08001467   Thumb Code    64  calib_basic.o(i.calib_idle)
    calib_read_bytes_zone                    0x080014a7   Thumb Code   310  calib_read.o(i.calib_read_bytes_zone)
    calib_read_zone                          0x080015dd   Thumb Code   186  calib_read.o(i.calib_read_zone)
    calib_wakeup                             0x08001697   Thumb Code    68  calib_basic.o(i.calib_wakeup)
    calib_wakeup_i2c                         0x080016dd   Thumb Code   202  calib_basic.o(i.calib_wakeup_i2c)
    fputc                                    0x080017ad   Thumb Code    28  usart.o(i.fputc)
    hal_check_wake                           0x080017cd   Thumb Code    62  mse_hal.o(i.hal_check_wake)
    hal_delay_us                             0x08001815   Thumb Code    84  i2c_bitbang_stm32.o(i.hal_delay_us)
    hal_i2c_control                          0x08001869   Thumb Code    26  hal_i2c_bitbang.o(i.hal_i2c_control)
    hal_i2c_init                             0x08001885   Thumb Code   148  hal_i2c_bitbang.o(i.hal_i2c_init)
    hal_i2c_post_init                        0x08001929   Thumb Code     6  hal_i2c_bitbang.o(i.hal_i2c_post_init)
    hal_i2c_receive                          0x08001931   Thumb Code    92  hal_i2c_bitbang.o(i.hal_i2c_receive)
    hal_i2c_release                          0x08001991   Thumb Code    48  hal_i2c_bitbang.o(i.hal_i2c_release)
    hal_i2c_send                             0x080019c5   Thumb Code    84  hal_i2c_bitbang.o(i.hal_i2c_send)
    hal_iface_init                           0x08001a99   Thumb Code    34  mse_hal.o(i.hal_iface_init)
    hal_iface_release                        0x08001abb   Thumb Code    74  mse_hal.o(i.hal_iface_release)
    i2c_enable                               0x08001b05   Thumb Code    60  i2c_bitbang_stm32.o(i.i2c_enable)
    i2c_receive_bytes                        0x08001b51   Thumb Code    38  i2c_bitbang_stm32.o(i.i2c_receive_bytes)
    i2c_receive_one_byte                     0x08001b79   Thumb Code   106  i2c_bitbang_stm32.o(i.i2c_receive_one_byte)
    i2c_send_ack                             0x08001bf5   Thumb Code   168  i2c_bitbang_stm32.o(i.i2c_send_ack)
    i2c_send_byte                            0x08001cad   Thumb Code   258  i2c_bitbang_stm32.o(i.i2c_send_byte)
    i2c_send_bytes                           0x08001dc1   Thumb Code    48  i2c_bitbang_stm32.o(i.i2c_send_bytes)
    i2c_send_start                           0x08001df1   Thumb Code    72  i2c_bitbang_stm32.o(i.i2c_send_start)
    i2c_send_stop                            0x08001e49   Thumb Code    66  i2c_bitbang_stm32.o(i.i2c_send_stop)
    i2c_set_pin                              0x08001e9d   Thumb Code    10  i2c_bitbang_stm32.o(i.i2c_set_pin)
    initMSEDevice                            0x08001eb1   Thumb Code    34  mse_device.o(i.initMSEDevice)
    initMSEIface                             0x08001ed3   Thumb Code    44  mse_iface.o(i.initMSEIface)
    ioGetIFace                               0x08001eff   Thumb Code     2  mse_device.o(i.ioGetIFace)
    iocontrol                                0x08001f01   Thumb Code    52  mse_iface.o(i.iocontrol)
    iogetifacecfg                            0x08001f35   Thumb Code    12  mse_iface.o(i.iogetifacecfg)
    ioidle                                   0x08001f41   Thumb Code    50  mse_iface.o(i.ioidle)
    ioinit                                   0x08001f73   Thumb Code   158  mse_iface.o(i.ioinit)
    ioreceive                                0x08002011   Thumb Code    52  mse_iface.o(i.ioreceive)
    iosend                                   0x08002045   Thumb Code    66  mse_iface.o(i.iosend)
    iowake                                   0x08002087   Thumb Code    70  mse_iface.o(i.iowake)
    isMSEError                               0x080020cd   Thumb Code    94  calib_command.o(i.isMSEError)
    main                                     0x0800212d   Thumb Code    88  main.o(i.main)
    mse_get_device_address                   0x080021cd   Thumb Code    28  mse_basic.o(i.mse_get_device_address)
    mse_get_device_type_ext                  0x080021e9   Thumb Code    16  mse_basic.o(i.mse_get_device_type_ext)
    mse_iface_get_retries                    0x080021f9   Thumb Code    18  mse_iface.o(i.mse_iface_get_retries)
    mse_iface_is_kit                         0x0800220b   Thumb Code    38  mse_iface.o(i.mse_iface_is_kit)
    mse_iface_is_swi                         0x08002231   Thumb Code    30  mse_iface.o(i.mse_iface_is_swi)
    mse_init                                 0x08002251   Thumb Code    14  mse_basic.o(i.mse_init)
    mse_init_ext                             0x08002265   Thumb Code   104  mse_basic.o(i.mse_init_ext)
    mse_release_ext                          0x080022d5   Thumb Code    26  mse_basic.o(i.mse_release_ext)
    mse_trace                                0x080022ef   Thumb Code     2  mse_debug.o(i.mse_trace)
    releaseMSEDevice                         0x080022f1   Thumb Code    18  mse_device.o(i.releaseMSEDevice)
    releaseMSEIface                          0x08002303   Thumb Code    44  mse_iface.o(i.releaseMSEIface)
    AHBPrescTable                            0x0800232e   Data          16  system_stm32f1xx.o(.constdata)
    APBPrescTable                            0x0800233e   Data           8  system_stm32f1xx.o(.constdata)
    Region$$Table$$Base                      0x080023b4   Number         0  anon$$obj.o(Region$$Table)
    Region$$Table$$Limit                     0x080023d4   Number         0  anon$$obj.o(Region$$Table)
    cfg_mod8_i2c                             0x20000000   Data          48  main.o(.data)
    SystemCoreClock                          0x20000030   Data           4  system_stm32f1xx.o(.data)
    uwTick                                   0x20000034   Data           4  stm32f1xx_hal.o(.data)
    uwTickPrio                               0x20000038   Data           4  stm32f1xx_hal.o(.data)
    uwTickFreq                               0x2000003c   Data           1  stm32f1xx_hal.o(.data)
    _gDevice                                 0x20000040   Data           4  mse_basic.o(.data)
    i2c_buses_default                        0x20000068   Data          32  i2c_bitbang_stm32.o(.data)
    pin_sda                                  0x20000088   Data           4  i2c_bitbang_stm32.o(.data)
    pin_scl                                  0x2000008c   Data           4  i2c_bitbang_stm32.o(.data)
    port_sda                                 0x20000090   Data           4  i2c_bitbang_stm32.o(.data)
    port_scl                                 0x20000094   Data           4  i2c_bitbang_stm32.o(.data)
    __stdout                                 0x20000098   Data           4  stdout.o(.data)
    g_mse_iface                              0x2000009c   Data          16  mse_basic.o(.bss)
    g_mse_device                             0x200000ac   Data          36  mse_basic.o(.bss)
    __initial_sp                             0x200005f0   Data           0  startup_stm32f103xb.o(STACK)



==============================================================================

Memory Map of the image

  Image Entry point : 0x080000ed

  Load Region LR_IROM1 (Base: 0x08000000, Size: 0x00002470, Max: 0x00020000, ABSOLUTE)

    Execution Region ER_IROM1 (Exec base: 0x08000000, Load base: 0x08000000, Size: 0x000023d4, Max: 0x00020000, ABSOLUTE)

    Exec Addr    Load Addr    Size         Type   Attr      Idx    E Section Name        Object

    0x08000000   0x08000000   0x000000ec   Data   RO          899    RESET               startup_stm32f103xb.o
    0x080000ec   0x080000ec   0x00000000   Code   RO         5071  * .ARM.Collect$$$$00000000  mc_w.l(entry.o)
    0x080000ec   0x080000ec   0x00000004   Code   RO         5356    .ARM.Collect$$$$00000001  mc_w.l(entry2.o)
    0x080000f0   0x080000f0   0x00000004   Code   RO         5359    .ARM.Collect$$$$00000004  mc_w.l(entry5.o)
    0x080000f4   0x080000f4   0x00000000   Code   RO         5361    .ARM.Collect$$$$00000008  mc_w.l(entry7b.o)
    0x080000f4   0x080000f4   0x00000000   Code   RO         5363    .ARM.Collect$$$$0000000A  mc_w.l(entry8b.o)
    0x080000f4   0x080000f4   0x00000008   Code   RO         5364    .ARM.Collect$$$$0000000B  mc_w.l(entry9a.o)
    0x080000fc   0x080000fc   0x00000000   Code   RO         5366    .ARM.Collect$$$$0000000D  mc_w.l(entry10a.o)
    0x080000fc   0x080000fc   0x00000000   Code   RO         5368    .ARM.Collect$$$$0000000F  mc_w.l(entry11a.o)
    0x080000fc   0x080000fc   0x00000004   Code   RO         5357    .ARM.Collect$$$$00002712  mc_w.l(entry2.o)
    0x08000100   0x08000100   0x00000024   Code   RO          900    .text               startup_stm32f103xb.o
    0x08000124   0x08000124   0x00000020   Code   RO         5075    .text               mc_w.l(llushr.o)
    0x08000144   0x08000144   0x00000040   Code   RO         5083    .text               mc_w.l(memmovea.o)
    0x08000184   0x08000184   0x00000024   Code   RO         5085    .text               mc_w.l(memseta.o)
    0x080001a8   0x080001a8   0x0000001a   Code   RO         5087    .text               mc_w.l(memcmp.o)
    0x080001c2   0x080001c2   0x00000062   Code   RO         5373    .text               mc_w.l(uldiv.o)
    0x08000224   0x08000224   0x00000024   Code   RO         5386    .text               mc_w.l(init.o)
    0x08000248   0x08000248   0x0000001e   Code   RO         5388    .text               mc_w.l(llshl.o)
    0x08000266   0x08000266   0x00000004   Code   RO          306    i.BusFault_Handler  stm32f1xx_it.o
    0x0800026a   0x0800026a   0x00000002   Code   RO          307    i.DebugMon_Handler  stm32f1xx_it.o
    0x0800026c   0x0800026c   0x00000006   Code   RO            4    i.Error_Handler     main.o
    0x08000272   0x08000272   0x00000002   PAD
    0x08000274   0x08000274   0x00000028   Code   RO          914    i.HAL_Delay         stm32f1xx_hal.o
    0x0800029c   0x0800029c   0x0000000c   Code   RO          918    i.HAL_GetTick       stm32f1xx_hal.o
    0x080002a8   0x080002a8   0x00000018   Code   RO          924    i.HAL_IncTick       stm32f1xx_hal.o
    0x080002c0   0x080002c0   0x00000028   Code   RO          925    i.HAL_Init          stm32f1xx_hal.o
    0x080002e8   0x080002e8   0x0000004c   Code   RO          926    i.HAL_InitTick      stm32f1xx_hal.o
    0x08000334   0x08000334   0x00000002   Code   RO          928    i.HAL_MspInit       stm32f1xx_hal.o
    0x08000336   0x08000336   0x0000007c   Code   RO         1196    i.HAL_NVIC_SetPriority  stm32f1xx_hal_cortex.o
    0x080003b2   0x080003b2   0x00000002   PAD
    0x080003b4   0x080003b4   0x00000028   Code   RO         1197    i.HAL_NVIC_SetPriorityGrouping  stm32f1xx_hal_cortex.o
    0x080003dc   0x080003dc   0x00000034   Code   RO         1201    i.HAL_SYSTICK_Config  stm32f1xx_hal_cortex.o
    0x08000410   0x08000410   0x00000004   Code   RO          308    i.HardFault_Handler  stm32f1xx_it.o
    0x08000414   0x08000414   0x0000004c   Code   RO            5    i.IsBigEndian       main.o
    0x08000460   0x08000460   0x0000001c   Code   RO            6    i.LL_APB2_GRP1_EnableClock  main.o
    0x0800047c   0x0800047c   0x0000001c   Code   RO         4793    i.LL_APB2_GRP1_EnableClock  usart.o
    0x08000498   0x08000498   0x00000128   Code   RO         2055    i.LL_GPIO_Init      stm32f1xx_ll_gpio.o
    0x080005c0   0x080005c0   0x0000001a   Code   RO         4939    i.LL_GPIO_IsInputPinSet  i2c_bitbang_stm32.o
    0x080005da   0x080005da   0x00000008   Code   RO         4940    i.LL_GPIO_ResetOutputPin  i2c_bitbang_stm32.o
    0x080005e2   0x080005e2   0x00000008   Code   RO         4941    i.LL_GPIO_SetOutputPin  i2c_bitbang_stm32.o
    0x080005ea   0x080005ea   0x0000002c   Code   RO         4942    i.LL_GPIO_SetPinMode  i2c_bitbang_stm32.o
    0x08000616   0x08000616   0x00000024   Code   RO         2183    i.LL_RCC_GetSystemClocksFreq  stm32f1xx_ll_rcc.o
    0x0800063a   0x0800063a   0x00000002   PAD
    0x0800063c   0x0800063c   0x0000000c   Code   RO         2269    i.LL_SetSystemCoreClock  stm32f1xx_ll_utils.o
    0x08000648   0x08000648   0x00000094   Code   RO         2109    i.LL_USART_Init     stm32f1xx_ll_usart.o
    0x080006dc   0x080006dc   0x0000000a   Code   RO         2110    i.LL_USART_IsEnabled  stm32f1xx_ll_usart.o
    0x080006e6   0x080006e6   0x0000009e   Code   RO         2111    i.LL_USART_SetBaudRate  stm32f1xx_ll_usart.o
    0x08000784   0x08000784   0x00000068   Code   RO            7    i.MX_GPIO_Init      main.o
    0x080007ec   0x080007ec   0x000000a8   Code   RO         4794    i.MX_USART1_UART_Init  usart.o
    0x08000894   0x08000894   0x00000004   Code   RO          309    i.MemManage_Handler  stm32f1xx_it.o
    0x08000898   0x08000898   0x00000004   Code   RO          310    i.NMI_Handler       stm32f1xx_it.o
    0x0800089c   0x0800089c   0x00000002   Code   RO          311    i.PendSV_Handler    stm32f1xx_it.o
    0x0800089e   0x0800089e   0x00000002   PAD
    0x080008a0   0x080008a0   0x00000020   Code   RO         2186    i.RCC_GetHCLKClockFreq  stm32f1xx_ll_rcc.o
    0x080008c0   0x080008c0   0x00000024   Code   RO         2187    i.RCC_GetPCLK1ClockFreq  stm32f1xx_ll_rcc.o
    0x080008e4   0x080008e4   0x00000024   Code   RO         2188    i.RCC_GetPCLK2ClockFreq  stm32f1xx_ll_rcc.o
    0x08000908   0x08000908   0x0000003c   Code   RO         2189    i.RCC_GetSystemClockFreq  stm32f1xx_ll_rcc.o
    0x08000944   0x08000944   0x00000058   Code   RO         2190    i.RCC_PLL_GetFreqDomain_SYS  stm32f1xx_ll_rcc.o
    0x0800099c   0x0800099c   0x00000002   Code   RO          312    i.SVC_Handler       stm32f1xx_it.o
    0x0800099e   0x0800099e   0x00000008   Code   RO          313    i.SysTick_Handler   stm32f1xx_it.o
    0x080009a6   0x080009a6   0x00000002   PAD
    0x080009a8   0x080009a8   0x0000018c   Code   RO            8    i.SystemClock_Config  main.o
    0x08000b34   0x08000b34   0x00000002   Code   RO          864    i.SystemInit        system_stm32f1xx.o
    0x08000b36   0x08000b36   0x00000002   Code   RO          314    i.USB_HP_CAN1_TX_IRQHandler  stm32f1xx_it.o
    0x08000b38   0x08000b38   0x00000002   Code   RO          315    i.USB_LP_CAN1_RX0_IRQHandler  stm32f1xx_it.o
    0x08000b3a   0x08000b3a   0x00000004   Code   RO          316    i.UsageFault_Handler  stm32f1xx_it.o
    0x08000b3e   0x08000b3e   0x00000002   PAD
    0x08000b40   0x08000b40   0x00000020   Code   RO         5302    i.__0printf$8       mc_w.l(printf8.o)
    0x08000b60   0x08000b60   0x00000010   Code   RO         1203    i.__NVIC_GetPriorityGrouping  stm32f1xx_hal_cortex.o
    0x08000b70   0x08000b70   0x00000028   Code   RO         1204    i.__NVIC_SetPriority  stm32f1xx_hal_cortex.o
    0x08000b98   0x08000b98   0x0000000e   Code   RO         5396    i.__scatterload_copy  mc_w.l(handlers.o)
    0x08000ba6   0x08000ba6   0x00000002   Code   RO         5397    i.__scatterload_null  mc_w.l(handlers.o)
    0x08000ba8   0x08000ba8   0x0000000e   Code   RO         5398    i.__scatterload_zeroinit  mc_w.l(handlers.o)
    0x08000bb6   0x08000bb6   0x00000002   PAD
    0x08000bb8   0x08000bb8   0x00000410   Code   RO         5309    i._printf_core      mc_w.l(printf8.o)
    0x08000fc8   0x08000fc8   0x00000024   Code   RO         5310    i._printf_post_padding  mc_w.l(printf8.o)
    0x08000fec   0x08000fec   0x0000002e   Code   RO         5311    i._printf_pre_padding  mc_w.l(printf8.o)
    0x0800101a   0x0800101a   0x00000060   Code   RO         3325    i.bpCRC             calib_command.o
    0x0800107a   0x0800107a   0x0000001a   Code   RO         3326    i.bpCalcCrc         calib_command.o
    0x08001094   0x08001094   0x00000032   Code   RO         3327    i.bpCheckCrc        calib_command.o
    0x080010c6   0x080010c6   0x00000018   Code   RO         3343    i.bpRead            calib_command.o
    0x080010de   0x080010de   0x00000108   Code   RO         3636    i.calib_execute_command  calib_execution.o
    0x080011e6   0x080011e6   0x000000da   Code   RO         3637    i.calib_execute_receive  calib_execution.o
    0x080012c0   0x080012c0   0x00000066   Code   RO         3638    i.calib_execute_send  calib_execution.o
    0x08001326   0x08001326   0x0000006e   Code   RO         3241    i.calib_get_addr    calib_basic.o
    0x08001394   0x08001394   0x000000d2   Code   RO         3242    i.calib_get_zone_size  calib_basic.o
    0x08001466   0x08001466   0x00000040   Code   RO         3243    i.calib_idle        calib_basic.o
    0x080014a6   0x080014a6   0x00000136   Code   RO         4051    i.calib_read_bytes_zone  calib_read.o
    0x080015dc   0x080015dc   0x000000ba   Code   RO         4057    i.calib_read_zone   calib_read.o
    0x08001696   0x08001696   0x00000044   Code   RO         3245    i.calib_wakeup      calib_basic.o
    0x080016da   0x080016da   0x00000002   PAD
    0x080016dc   0x080016dc   0x000000d0   Code   RO         3246    i.calib_wakeup_i2c  calib_basic.o
    0x080017ac   0x080017ac   0x00000020   Code   RO         4796    i.fputc             usart.o
    0x080017cc   0x080017cc   0x00000048   Code   RO         4580    i.hal_check_wake    mse_hal.o
    0x08001814   0x08001814   0x00000054   Code   RO         4943    i.hal_delay_us      i2c_bitbang_stm32.o
    0x08001868   0x08001868   0x0000001a   Code   RO         4852    i.hal_i2c_control   hal_i2c_bitbang.o
    0x08001882   0x08001882   0x00000002   PAD
    0x08001884   0x08001884   0x000000a4   Code   RO         4853    i.hal_i2c_init      hal_i2c_bitbang.o
    0x08001928   0x08001928   0x00000006   Code   RO         4854    i.hal_i2c_post_init  hal_i2c_bitbang.o
    0x0800192e   0x0800192e   0x00000002   PAD
    0x08001930   0x08001930   0x00000060   Code   RO         4855    i.hal_i2c_receive   hal_i2c_bitbang.o
    0x08001990   0x08001990   0x00000034   Code   RO         4856    i.hal_i2c_release   hal_i2c_bitbang.o
    0x080019c4   0x080019c4   0x00000058   Code   RO         4857    i.hal_i2c_send      hal_i2c_bitbang.o
    0x08001a1c   0x08001a1c   0x00000026   Code   RO         4858    i.hal_i2c_send_slave_address  hal_i2c_bitbang.o
    0x08001a42   0x08001a42   0x00000002   PAD
    0x08001a44   0x08001a44   0x00000054   Code   RO         4581    i.hal_iface_get_registered  mse_hal.o
    0x08001a98   0x08001a98   0x00000022   Code   RO         4582    i.hal_iface_init    mse_hal.o
    0x08001aba   0x08001aba   0x0000004a   Code   RO         4584    i.hal_iface_release  mse_hal.o
    0x08001b04   0x08001b04   0x0000004c   Code   RO         4944    i.i2c_enable        i2c_bitbang_stm32.o
    0x08001b50   0x08001b50   0x00000026   Code   RO         4945    i.i2c_receive_bytes  i2c_bitbang_stm32.o
    0x08001b76   0x08001b76   0x00000002   PAD
    0x08001b78   0x08001b78   0x0000007c   Code   RO         4946    i.i2c_receive_one_byte  i2c_bitbang_stm32.o
    0x08001bf4   0x08001bf4   0x000000b8   Code   RO         4947    i.i2c_send_ack      i2c_bitbang_stm32.o
    0x08001cac   0x08001cac   0x00000114   Code   RO         4948    i.i2c_send_byte     i2c_bitbang_stm32.o
    0x08001dc0   0x08001dc0   0x00000030   Code   RO         4949    i.i2c_send_bytes    i2c_bitbang_stm32.o
    0x08001df0   0x08001df0   0x00000058   Code   RO         4950    i.i2c_send_start    i2c_bitbang_stm32.o
    0x08001e48   0x08001e48   0x00000054   Code   RO         4951    i.i2c_send_stop     i2c_bitbang_stm32.o
    0x08001e9c   0x08001e9c   0x00000014   Code   RO         4952    i.i2c_set_pin       i2c_bitbang_stm32.o
    0x08001eb0   0x08001eb0   0x00000022   Code   RO         2492    i.initMSEDevice     mse_device.o
    0x08001ed2   0x08001ed2   0x0000002c   Code   RO         2735    i.initMSEIface      mse_iface.o
    0x08001efe   0x08001efe   0x00000002   Code   RO         2493    i.ioGetIFace        mse_device.o
    0x08001f00   0x08001f00   0x00000034   Code   RO         2736    i.iocontrol         mse_iface.o
    0x08001f34   0x08001f34   0x0000000c   Code   RO         2737    i.iogetifacecfg     mse_iface.o
    0x08001f40   0x08001f40   0x00000032   Code   RO         2739    i.ioidle            mse_iface.o
    0x08001f72   0x08001f72   0x0000009e   Code   RO         2740    i.ioinit            mse_iface.o
    0x08002010   0x08002010   0x00000034   Code   RO         2741    i.ioreceive         mse_iface.o
    0x08002044   0x08002044   0x00000042   Code   RO         2742    i.iosend            mse_iface.o
    0x08002086   0x08002086   0x00000046   Code   RO         2744    i.iowake            mse_iface.o
    0x080020cc   0x080020cc   0x0000005e   Code   RO         3351    i.isMSEError        calib_command.o
    0x0800212a   0x0800212a   0x00000002   PAD
    0x0800212c   0x0800212c   0x000000a0   Code   RO           14    i.main              main.o
    0x080021cc   0x080021cc   0x0000001c   Code   RO         2362    i.mse_get_device_address  mse_basic.o
    0x080021e8   0x080021e8   0x00000010   Code   RO         2364    i.mse_get_device_type_ext  mse_basic.o
    0x080021f8   0x080021f8   0x00000012   Code   RO         2745    i.mse_iface_get_retries  mse_iface.o
    0x0800220a   0x0800220a   0x00000026   Code   RO         2747    i.mse_iface_is_kit  mse_iface.o
    0x08002230   0x08002230   0x0000001e   Code   RO         2748    i.mse_iface_is_swi  mse_iface.o
    0x0800224e   0x0800224e   0x00000002   PAD
    0x08002250   0x08002250   0x00000014   Code   RO         2365    i.mse_init          mse_basic.o
    0x08002264   0x08002264   0x00000070   Code   RO         2367    i.mse_init_ext      mse_basic.o
    0x080022d4   0x080022d4   0x0000001a   Code   RO         2370    i.mse_release_ext   mse_basic.o
    0x080022ee   0x080022ee   0x00000002   Code   RO         2453    i.mse_trace         mse_debug.o
    0x080022f0   0x080022f0   0x00000012   Code   RO         2494    i.releaseMSEDevice  mse_device.o
    0x08002302   0x08002302   0x0000002c   Code   RO         2749    i.releaseMSEIface   mse_iface.o
    0x0800232e   0x0800232e   0x00000018   Data   RO          865    .constdata          system_stm32f1xx.o
    0x08002346   0x08002346   0x00000002   PAD
    0x08002348   0x08002348   0x0000006a   Data   RO           16    .conststring        main.o
    0x080023b2   0x080023b2   0x00000002   PAD
    0x080023b4   0x080023b4   0x00000020   Data   RO         5394    Region$$Table       anon$$obj.o


    Execution Region RW_IRAM1 (Exec base: 0x20000000, Load base: 0x080023d4, Size: 0x000005f0, Max: 0x00005000, ABSOLUTE)

    Exec Addr    Load Addr    Size         Type   Attr      Idx    E Section Name        Object

    0x20000000   0x080023d4   0x00000030   Data   RW           17    .data               main.o
    0x20000030   0x08002404   0x00000004   Data   RW          866    .data               system_stm32f1xx.o
    0x20000034   0x08002408   0x00000009   Data   RW          932    .data               stm32f1xx_hal.o
    0x2000003d   0x08002411   0x00000003   PAD
    0x20000040   0x08002414   0x00000004   Data   RW         2374    .data               mse_basic.o
    0x20000044   0x08002418   0x00000024   Data   RW         4587    .data               mse_hal.o
    0x20000068   0x0800243c   0x00000030   Data   RW         4953    .data               i2c_bitbang_stm32.o
    0x20000098   0x0800246c   0x00000004   Data   RW         5370    .data               mc_w.l(stdout.o)
    0x2000009c        -       0x00000034   Zero   RW         2372    .bss                mse_basic.o
    0x200000d0        -       0x00000020   Zero   RW         4859    .bss                hal_i2c_bitbang.o
    0x200000f0        -       0x00000500   Zero   RW          897    STACK               startup_stm32f103xb.o


==============================================================================

Image component sizes


      Code (inc. data)   RO Data    RW Data    ZI Data      Debug   Object Name

       660          6          0          0          0       4470   calib_basic.o
       290          0          0          0          0       3767   calib_command.o
       584          0          0          0          0       3249   calib_execution.o
       496          0          0          0          0       2974   calib_read.o
       470         28          0          0         32       8508   hal_i2c_bitbang.o
      1108        112          0         48          0      19156   i2c_bitbang_stm32.o
       770        148        106         48          0     416553   main.o
       202         14          0          4         52       3842   mse_basic.o
         2          0          0          0          0        488   mse_debug.o
        54          0          0          0          0       1740   mse_device.o
       264         16          0         36          0       3774   mse_hal.o
       634          0          0          0          0       8115   mse_iface.o
         0          0          0          0          0        392   sha2_routines.o
        36          8        236          0       1280        800   startup_stm32f103xb.o
       194         36          0          9          0       6535   stm32f1xx_hal.o
       272         22          0          0          0      28826   stm32f1xx_hal_cortex.o
        38          0          0          0          0       4815   stm32f1xx_it.o
       296          0          0          0          0      10667   stm32f1xx_ll_gpio.o
       288         48          0          0          0      13693   stm32f1xx_ll_rcc.o
       316         14          0          0          0      24892   stm32f1xx_ll_usart.o
        12          6          0          0          0        560   stm32f1xx_ll_utils.o
         2          0         24          4          0       1255   system_stm32f1xx.o
       228         26          0          0          0      23406   usart.o

    ----------------------------------------------------------------------
      7242        484        402        152       1364     592477   Object Totals
         0          0         32          0          0          0   (incl. Generated)
        26          0          4          3          0          0   (incl. Padding)

    ----------------------------------------------------------------------

      Code (inc. data)   RO Data    RW Data    ZI Data      Debug   Library Member Name

         0          0          0          0          0          0   entry.o
         0          0          0          0          0          0   entry10a.o
         0          0          0          0          0          0   entry11a.o
         8          4          0          0          0          0   entry2.o
         4          0          0          0          0          0   entry5.o
         0          0          0          0          0          0   entry7b.o
         0          0          0          0          0          0   entry8b.o
         8          4          0          0          0          0   entry9a.o
        30          0          0          0          0          0   handlers.o
        36          8          0          0          0         68   init.o
        30          0          0          0          0         68   llshl.o
        32          0          0          0          0         68   llushr.o
        26          0          0          0          0         80   memcmp.o
        64          0          0          0          0         76   memmovea.o
        36          0          0          0          0        108   memseta.o
      1154         54          0          0          0        352   printf8.o
         0          0          0          4          0          0   stdout.o
        98          0          0          0          0         92   uldiv.o

    ----------------------------------------------------------------------
      1528         70          0          4          0        912   Library Totals
         2          0          0          0          0          0   (incl. Padding)

    ----------------------------------------------------------------------

      Code (inc. data)   RO Data    RW Data    ZI Data      Debug   Library Name

      1526         70          0          4          0        912   mc_w.l

    ----------------------------------------------------------------------
      1528         70          0          4          0        912   Library Totals

    ----------------------------------------------------------------------

==============================================================================


      Code (inc. data)   RO Data    RW Data    ZI Data      Debug   

      8770        554        402        156       1364     587925   Grand Totals
      8770        554        402        156       1364     587925   ELF Image Totals
      8770        554        402        156          0          0   ROM Totals

==============================================================================

    Total RO  Size (Code + RO Data)                 9172 (   8.96kB)
    Total RW  Size (RW Data + ZI Data)              1520 (   1.48kB)
    Total ROM Size (Code + RO Data + RW Data)       9328 (   9.11kB)

==============================================================================

